Archive member included to satisfy reference by file (symbol)

D:/CubeCLT/STM32CubeCLT_1.21.0/GNU-tools-for-STM32/bin/../lib/gcc/arm-none-eabi/14.3.1/../../../../arm-none-eabi/lib/thumb/v7-m/nofp\libc_nano.a(libc_a-exit.o)
                              D:/CubeCLT/STM32CubeCLT_1.21.0/GNU-tools-for-STM32/bin/../lib/gcc/arm-none-eabi/14.3.1/../../../../arm-none-eabi/lib/thumb/v7-m/nofp/crt0.o (exit)
D:/CubeCLT/STM32CubeCLT_1.21.0/GNU-tools-for-STM32/bin/../lib/gcc/arm-none-eabi/14.3.1/../../../../arm-none-eabi/lib/thumb/v7-m/nofp\libc_nano.a(libc_a-findfp.o)
                              D:/CubeCLT/STM32CubeCLT_1.21.0/GNU-tools-for-STM32/bin/../lib/gcc/arm-none-eabi/14.3.1/../../../../arm-none-eabi/lib/thumb/v7-m/nofp\libc_nano.a(libc_a-exit.o) (__stdio_exit_handler)
D:/CubeCLT/STM32CubeCLT_1.21.0/GNU-tools-for-STM32/bin/../lib/gcc/arm-none-eabi/14.3.1/../../../../arm-none-eabi/lib/thumb/v7-m/nofp\libc_nano.a(libc_a-fwalk.o)
                              D:/CubeCLT/STM32CubeCLT_1.21.0/GNU-tools-for-STM32/bin/../lib/gcc/arm-none-eabi/14.3.1/../../../../arm-none-eabi/lib/thumb/v7-m/nofp\libc_nano.a(libc_a-findfp.o) (_fwalk_sglue)
D:/CubeCLT/STM32CubeCLT_1.21.0/GNU-tools-for-STM32/bin/../lib/gcc/arm-none-eabi/14.3.1/../../../../arm-none-eabi/lib/thumb/v7-m/nofp\libc_nano.a(libc_a-stdio.o)
                              D:/CubeCLT/STM32CubeCLT_1.21.0/GNU-tools-for-STM32/bin/../lib/gcc/arm-none-eabi/14.3.1/../../../../arm-none-eabi/lib/thumb/v7-m/nofp\libc_nano.a(libc_a-findfp.o) (__sread)
D:/CubeCLT/STM32CubeCLT_1.21.0/GNU-tools-for-STM32/bin/../lib/gcc/arm-none-eabi/14.3.1/../../../../arm-none-eabi/lib/thumb/v7-m/nofp\libc_nano.a(libc_a-memset.o)
                              D:/CubeCLT/STM32CubeCLT_1.21.0/GNU-tools-for-STM32/bin/../lib/gcc/arm-none-eabi/14.3.1/../../../../arm-none-eabi/lib/thumb/v7-m/nofp/crt0.o (memset)
D:/CubeCLT/STM32CubeCLT_1.21.0/GNU-tools-for-STM32/bin/../lib/gcc/arm-none-eabi/14.3.1/../../../../arm-none-eabi/lib/thumb/v7-m/nofp\libc_nano.a(libc_a-closer.o)
                              D:/CubeCLT/STM32CubeCLT_1.21.0/GNU-tools-for-STM32/bin/../lib/gcc/arm-none-eabi/14.3.1/../../../../arm-none-eabi/lib/thumb/v7-m/nofp\libc_nano.a(libc_a-stdio.o) (_close_r)
D:/CubeCLT/STM32CubeCLT_1.21.0/GNU-tools-for-STM32/bin/../lib/gcc/arm-none-eabi/14.3.1/../../../../arm-none-eabi/lib/thumb/v7-m/nofp\libc_nano.a(libc_a-reent.o)
                              D:/CubeCLT/STM32CubeCLT_1.21.0/GNU-tools-for-STM32/bin/../lib/gcc/arm-none-eabi/14.3.1/../../../../arm-none-eabi/lib/thumb/v7-m/nofp\libc_nano.a(libc_a-closer.o) (errno)
D:/CubeCLT/STM32CubeCLT_1.21.0/GNU-tools-for-STM32/bin/../lib/gcc/arm-none-eabi/14.3.1/../../../../arm-none-eabi/lib/thumb/v7-m/nofp\libc_nano.a(libc_a-impure.o)
                              D:/CubeCLT/STM32CubeCLT_1.21.0/GNU-tools-for-STM32/bin/../lib/gcc/arm-none-eabi/14.3.1/../../../../arm-none-eabi/lib/thumb/v7-m/nofp\libc_nano.a(libc_a-reent.o) (_impure_ptr)
D:/CubeCLT/STM32CubeCLT_1.21.0/GNU-tools-for-STM32/bin/../lib/gcc/arm-none-eabi/14.3.1/../../../../arm-none-eabi/lib/thumb/v7-m/nofp\libc_nano.a(libc_a-lseekr.o)
                              D:/CubeCLT/STM32CubeCLT_1.21.0/GNU-tools-for-STM32/bin/../lib/gcc/arm-none-eabi/14.3.1/../../../../arm-none-eabi/lib/thumb/v7-m/nofp\libc_nano.a(libc_a-stdio.o) (_lseek_r)
D:/CubeCLT/STM32CubeCLT_1.21.0/GNU-tools-for-STM32/bin/../lib/gcc/arm-none-eabi/14.3.1/../../../../arm-none-eabi/lib/thumb/v7-m/nofp\libc_nano.a(libc_a-readr.o)
                              D:/CubeCLT/STM32CubeCLT_1.21.0/GNU-tools-for-STM32/bin/../lib/gcc/arm-none-eabi/14.3.1/../../../../arm-none-eabi/lib/thumb/v7-m/nofp\libc_nano.a(libc_a-stdio.o) (_read_r)
D:/CubeCLT/STM32CubeCLT_1.21.0/GNU-tools-for-STM32/bin/../lib/gcc/arm-none-eabi/14.3.1/../../../../arm-none-eabi/lib/thumb/v7-m/nofp\libc_nano.a(libc_a-writer.o)
                              D:/CubeCLT/STM32CubeCLT_1.21.0/GNU-tools-for-STM32/bin/../lib/gcc/arm-none-eabi/14.3.1/../../../../arm-none-eabi/lib/thumb/v7-m/nofp\libc_nano.a(libc_a-stdio.o) (_write_r)
D:/CubeCLT/STM32CubeCLT_1.21.0/GNU-tools-for-STM32/bin/../lib/gcc/arm-none-eabi/14.3.1/../../../../arm-none-eabi/lib/thumb/v7-m/nofp\libc_nano.a(libc_a-init.o)
                              D:/CubeCLT/STM32CubeCLT_1.21.0/GNU-tools-for-STM32/bin/../lib/gcc/arm-none-eabi/14.3.1/../../../../arm-none-eabi/lib/thumb/v7-m/nofp/crt0.o (__libc_init_array)
D:/CubeCLT/STM32CubeCLT_1.21.0/GNU-tools-for-STM32/bin/../lib/gcc/arm-none-eabi/14.3.1/../../../../arm-none-eabi/lib/thumb/v7-m/nofp\libc_nano.a(libc_a-lock.o)
                              D:/CubeCLT/STM32CubeCLT_1.21.0/GNU-tools-for-STM32/bin/../lib/gcc/arm-none-eabi/14.3.1/../../../../arm-none-eabi/lib/thumb/v7-m/nofp\libc_nano.a(libc_a-findfp.o) (__retarget_lock_init_recursive)
D:/CubeCLT/STM32CubeCLT_1.21.0/GNU-tools-for-STM32/bin/../lib/gcc/arm-none-eabi/14.3.1/../../../../arm-none-eabi/lib/thumb/v7-m/nofp\libc_nano.a(libc_a-freer.o)
[...]
Memory Configuration

Name             Origin             Length             Attributes
RAM              0x20000000         0x00005000         xrw
FLASH            0x08000000         0x00020000         xr
*default*        0x00000000         0xffffffff

Linker script and memory map

LOAD D:/CubeCLT/STM32CubeCLT_1.21.0/GNU-tools-for-STM32/bin/../lib/gcc/arm-none-eabi/14.3.1/thumb/v7-m/nofp/crti.o
LOAD D:/CubeCLT/STM32CubeCLT_1.21.0/GNU-tools-for-STM32/bin/../lib/gcc/arm-none-eabi/14.3.1/thumb/v7-m/nofp/crtbegin.o
LOAD D:/CubeCLT/STM32CubeCLT_1.21.0/GNU-tools-for-STM32/bin/../lib/gcc/arm-none-eabi/14.3.1/../../../../arm-none-eabi/lib/thumb/v7-m/nofp/crt0.o
LOAD build/main.o
LOAD build/stm32f1xx_it.o
LOAD build/stm32f1xx_hal_msp.o
LOAD build/stm32f1xx_hal_gpio_ex.o
LOAD build/stm32f1xx_hal_adc.o
LOAD build/stm32f1xx_hal_tim.o
LOAD build/stm32f1xx_hal_tim_ex.o
LOAD build/stm32f1xx_hal_pcd.o
LOAD build/stm32f1xx_hal_pcd_ex.o
LOAD build/stm32f1xx_ll_usb.o
LOAD build/stm32f1xx_hal.o
LOAD build/stm32f1xx_hal_rcc.o
LOAD build/stm32f1xx_hal_rcc_ex.o
LOAD build/stm32f1xx_hal_gpio.o
LOAD build/stm32f1xx_hal_dma.o
LOAD build/stm32f1xx_hal_cortex.o
LOAD build/stm32f1xx_hal_pwr.o
LOAD build/stm32f1xx_hal_flash.o
LOAD build/stm32f1xx_hal_flash_ex.o
LOAD build/stm32f1xx_hal_exti.o
LOAD build/system_stm32f1xx.o
LOAD build/usb_device.o
LOAD build/usbd_desc.o
LOAD build/usbd_cdc_if.o
LOAD build/usbd_conf.o
LOAD build/stm32f1xx_hal_uart.o
LOAD build/usbd_core.o
LOAD build/usbd_ctlreq.o
LOAD build/usbd_ioreq.o
LOAD build/usbd_cdc.o
LOAD build/startup_stm32f103xb.o
LOAD D:/CubeCLT/STM32CubeCLT_1.21.0/GNU-tools-for-STM32/bin/../lib/gcc/arm-none-eabi/14.3.1/../../../../arm-none-eabi/lib/thumb/v7-m/nofp\libc_nano.a
LOAD D:/CubeCLT/STM32CubeCLT_1.21.0/GNU-tools-for-STM32/bin/../lib/gcc/arm-none-eabi/14.3.1/../../../../arm-none-eabi/lib/thumb/v7-m/nofp\libm.a
LOAD D:/CubeCLT/STM32CubeCLT_1.21.0/GNU-tools-for-STM32/bin/../lib/gcc/arm-none-eabi/14.3.1/../../../../arm-none-eabi/lib/thumb/v7-m/nofp\libnosys.a
START GROUP
LOAD D:/CubeCLT/STM32CubeCLT_1.21.0/GNU-tools-for-STM32/bin/../lib/gcc/arm-none-eabi/14.3.1/thumb/v7-m/nofp\libgcc.a
LOAD D:/CubeCLT/STM32CubeCLT_1.21.0/GNU-tools-for-STM32/bin/../lib/gcc/arm-none-eabi/14.3.1/../../../../arm-none-eabi/lib/thumb/v7-m/nofp\libc_nano.a
END GROUP
START GROUP
LOAD D:/CubeCLT/STM32CubeCLT_1.21.0/GNU-tools-for-STM32/bin/../lib/gcc/arm-none-eabi/14.3.1/thumb/v7-m/nofp\libgcc.a
LOAD D:/CubeCLT/STM32CubeCLT_1.21.0/GNU-tools-for-STM32/bin/../lib/gcc/arm-none-eabi/14.3.1/../../../../arm-none-eabi/lib/thumb/v7-m/nofp\libc_nano.a
END GROUP
LOAD D:/CubeCLT/STM32CubeCLT_1.21.0/GNU-tools-for-STM32/bin/../lib/gcc/arm-none-eabi/14.3.1/thumb/v7-m/nofp/crtend.o
LOAD D:/CubeCLT/STM32CubeCLT_1.21.0/GNU-tools-for-STM32/bin/../lib/gcc/arm-none-eabi/14.3.1/thumb/v7-m/nofp/crtn.o
                0x20005000                        _estack = (ORIGIN (RAM) + LENGTH (RAM))
                0x00000200                        _Min_Heap_Size = 0x200
                0x00000400                        _Min_Stack_Size = 0x400

.isr_vector     0x08000000      0x10c
                0x08000000                        . = ALIGN (0x4)
 *(.isr_vector)
 .isr_vector    0x08000000      0x10c build/startup_stm32f103xb.o
                0x08000000                g_pfnVectors
                0x0800010c                        . = ALIGN (0x4)

.text           0x0800010c     0x1d70
                0x0800010c                        . = ALIGN (0x4)
 *(.text)
 .text          0x0800010c       0x40 D:/CubeCLT/STM32CubeCLT_1.21.0/GNU-tools-for-STM32/bin/../lib/gcc/arm-none-eabi/14.3.1/thumb/v7-m/nofp/crtbegin.o
 *(.text*)
 .text.MX_GPIO_Init
                0x0800014c       0xb0 build/main.o
 .text.Read_ADC
                0x080001fc       0x30 build/main.o
                0x080001fc                Read_ADC
 .text.Error_Handler
                0x0800022c       0x34 build/main.o
                0x0800022c                Error_Handler
 .text.MX_ADC1_Init
                0x08000260       0x6c build/main.o
 .text.MX_USART1_UART_Init
                0x080002cc       0x34 build/main.o
 .text.SystemClock_Config
                0x08000300       0x82 build/main.o
                0x08000300                SystemClock_Config
 *fill*         0x08000382        0x2 
 .text.main     0x08000384      0x148 build/main.o
                0x08000384                main
 .text.NMI_Handler
                0x080004cc        0x2 build/stm32f1xx_it.o
                0x080004cc                NMI_Handler
 .text.HardFault_Handler
                0x080004ce        0x2 build/stm32f1xx_it.o
                0x080004ce                HardFault_Handler
 .text.MemManage_Handler
                0x080004d0        0x2 build/stm32f1xx_it.o
                0x080004d0                MemManage_Handler
 .text.BusFault_Handler
                0x080004d2        0x2 build/stm32f1xx_it.o
                0x080004d2                BusFault_Handler
 .text.UsageFault_Handler
                0x080004d4        0x2 build/stm32f1xx_it.o
                0x080004d4                UsageFault_Handler
 .text.SVC_Handler
                0x080004d6        0x2 build/stm32f1xx_it.o
                0x080004d6                SVC_Handler
 .text.DebugMon_Handler
                0x080004d8        0x2 build/stm32f1xx_it.o
                0x080004d8                DebugMon_Handler
 .text.PendSV_Handler
                0x080004da        0x2 build/stm32f1xx_it.o
                0x080004da                PendSV_Handler
 .text.SysTick_Handler
                0x080004dc        0x8 build/stm32f1xx_it.o
                0x080004dc                SysTick_Handler
 .text.USB_LP_CAN1_RX0_IRQHandler
                0x080004e4        0x2 build/stm32f1xx_it.o
                0x080004e4                USB_LP_CAN1_RX0_IRQHandler
 .text.TIM2_IRQHandler
                0x080004e6        0x2 build/stm32f1xx_it.o
                0x080004e6                TIM2_IRQHandler
 .text.USART1_IRQHandler
                0x080004e8       0x10 build/stm32f1xx_it.o
                0x080004e8                USART1_IRQHandler
 .text.HAL_MspInit
                0x080004f8       0x44 build/stm32f1xx_hal_msp.o
                0x080004f8                HAL_MspInit
 .text.HAL_UART_MspInit
                0x0800053c       0x8c build/stm32f1xx_hal_msp.o
                0x0800053c                HAL_UART_MspInit
 .text.HAL_ADC_MspInit
                0x080005c8        0x2 build/stm32f1xx_hal_adc.o
                0x080005c8                HAL_ADC_MspInit
 *fill*         0x080005ca        0x2 
 .text.HAL_ADC_PollForConversion
                0x080005cc      0x184 build/stm32f1xx_hal_adc.o
                0x080005cc                HAL_ADC_PollForConversion
 .text.HAL_ADC_GetValue
                0x08000750        0x6 build/stm32f1xx_hal_adc.o
                0x08000750                HAL_ADC_GetValue
 *fill*         0x08000756        0x2 
 .text.HAL_ADC_ConfigChannel
                0x08000758      0x140 build/stm32f1xx_hal_adc.o
                0x08000758                HAL_ADC_ConfigChannel
 .text.ADC_Enable
                0x08000898       0x88 build/stm32f1xx_hal_adc.o
                0x08000898                ADC_Enable
 .text.HAL_ADC_Start
                0x08000920       0xe8 build/stm32f1xx_hal_adc.o
                0x08000920                HAL_ADC_Start
 .text.ADC_ConversionStop_Disable
                0x08000a08       0x56 build/stm32f1xx_hal_adc.o
                0x08000a08                ADC_ConversionStop_Disable
 *fill*         0x08000a5e        0x2 
 .text.HAL_ADC_Init
                0x08000a60      0x108 build/stm32f1xx_hal_adc.o
                0x08000a60                HAL_ADC_Init
 .text.HAL_ADC_Stop
                0x08000b68       0x34 build/stm32f1xx_hal_adc.o
                0x08000b68                HAL_ADC_Stop
 .text.HAL_InitTick
                0x08000b9c       0x4c build/stm32f1xx_hal.o
                0x08000b9c                HAL_InitTick
 .text.HAL_Init
                0x08000be8       0x24 build/stm32f1xx_hal.o
                0x08000be8                HAL_Init
 .text.HAL_IncTick
                0x08000c0c       0x18 build/stm32f1xx_hal.o
                0x08000c0c                HAL_IncTick
 .text.HAL_GetTick
                0x08000c24        0xc build/stm32f1xx_hal.o
                0x08000c24                HAL_GetTick
 .text.HAL_Delay
                0x08000c30       0x28 build/stm32f1xx_hal.o
                0x08000c30                HAL_Delay
 .text.RCC_Delay
                0x08000c58       0x2c build/stm32f1xx_hal_rcc.o
 .text.HAL_RCC_OscConfig
                0x08000c84      0x410 build/stm32f1xx_hal_rcc.o
                0x08000c84                HAL_RCC_OscConfig
 .text.HAL_RCC_GetSysClockFreq
                0x08001094       0x54 build/stm32f1xx_hal_rcc.o
                0x08001094                HAL_RCC_GetSysClockFreq
 .text.HAL_RCC_ClockConfig
                0x080010e8      0x16c build/stm32f1xx_hal_rcc.o
                0x080010e8                HAL_RCC_ClockConfig
 .text.HAL_RCC_GetHCLKFreq
                0x08001254        0xc build/stm32f1xx_hal_rcc.o
                0x08001254                HAL_RCC_GetHCLKFreq
 .text.HAL_RCC_GetPCLK1Freq
                0x08001260       0x20 build/stm32f1xx_hal_rcc.o
                0x08001260                HAL_RCC_GetPCLK1Freq
 .text.HAL_RCC_GetPCLK2Freq
                0x08001280       0x20 build/stm32f1xx_hal_rcc.o
                0x08001280                HAL_RCC_GetPCLK2Freq
 .text.HAL_RCCEx_PeriphCLKConfig
                0x080012a0      0x118 build/stm32f1xx_hal_rcc_ex.o
                0x080012a0                HAL_RCCEx_PeriphCLKConfig
 .text.HAL_RCCEx_GetPeriphCLKFreq
                0x080013b8       0xd8 build/stm32f1xx_hal_rcc_ex.o
                0x080013b8                HAL_RCCEx_GetPeriphCLKFreq
 .text.HAL_GPIO_Init
                0x08001490      0x214 build/stm32f1xx_hal_gpio.o
                0x08001490                HAL_GPIO_Init
 .text.HAL_GPIO_WritePin
                0x080016a4        0xc build/stm32f1xx_hal_gpio.o
                0x080016a4                HAL_GPIO_WritePin
 .text.HAL_DMA_Abort
                0x080016b0       0x44 build/stm32f1xx_hal_dma.o
                0x080016b0                HAL_DMA_Abort
 .text.HAL_DMA_Abort_IT
                0x080016f4       0x98 build/stm32f1xx_hal_dma.o
                0x080016f4                HAL_DMA_Abort_IT
 .text.__NVIC_SetPriority
                0x0800178c       0x28 build/stm32f1xx_hal_cortex.o
 .text.NVIC_EncodePriority
                0x080017b4       0x3c build/stm32f1xx_hal_cortex.o
 .text.HAL_NVIC_SetPriorityGrouping
                0x080017f0       0x24 build/stm32f1xx_hal_cortex.o
                0x080017f0                HAL_NVIC_SetPriorityGrouping
 .text.HAL_NVIC_SetPriority
                0x08001814       0x20 build/stm32f1xx_hal_cortex.o
                0x08001814                HAL_NVIC_SetPriority
 .text.HAL_NVIC_EnableIRQ
                0x08001834       0x1c build/stm32f1xx_hal_cortex.o
                0x08001834                HAL_NVIC_EnableIRQ
 .text.HAL_SYSTICK_Config
                0x08001850       0x28 build/stm32f1xx_hal_cortex.o
                0x08001850                HAL_SYSTICK_Config
 .text.SystemInit
                0x08001878        0x2 build/system_stm32f1xx.o
                0x08001878                SystemInit
 .text.UART_EndRxTransfer
                0x0800187a       0x5c build/stm32f1xx_hal_uart.o
 .text.UART_Transmit_IT
                0x080018d6       0x5e build/stm32f1xx_hal_uart.o
 .text.UART_SetConfig
                0x08001934       0x94 build/stm32f1xx_hal_uart.o
 .text.HAL_UART_Init
                0x080019c8       0x60 build/stm32f1xx_hal_uart.o
                0x080019c8                HAL_UART_Init
 .text.HAL_UART_TxCpltCallback
                0x08001a28        0x2 build/stm32f1xx_hal_uart.o
                0x08001a28                HAL_UART_TxCpltCallback
 .text.UART_EndTransmit_IT
                0x08001a2a       0x1a build/stm32f1xx_hal_uart.o
 .text.HAL_UART_RxCpltCallback
                0x08001a44        0x2 build/stm32f1xx_hal_uart.o
                0x08001a44                HAL_UART_RxCpltCallback
 .text.HAL_UART_ErrorCallback
                0x08001a46        0x2 build/stm32f1xx_hal_uart.o
                0x08001a46                HAL_UART_ErrorCallback
 .text.UART_DMAAbortOnError
                0x08001a48       0x10 build/stm32f1xx_hal_uart.o
 .text.HAL_UARTEx_RxEventCallback
                0x08001a58        0x2 build/stm32f1xx_hal_uart.o
                0x08001a58                HAL_UARTEx_RxEventCallback
 .text.UART_Receive_IT
                0x08001a5a       0xe2 build/stm32f1xx_hal_uart.o
 .text.HAL_UART_IRQHandler
                0x08001b3c      0x284 build/stm32f1xx_hal_uart.o
                0x08001b3c                HAL_UART_IRQHandler
 .text.Reset_Handler
                0x08001dc0       0x48 build/startup_stm32f103xb.o
                0x08001dc0                Reset_Handler
 .text.Default_Handler
                0x08001e08        0x2 build/startup_stm32f103xb.o
                0x08001e08                RTC_Alarm_IRQHandler
                0x08001e08                EXTI2_IRQHandler
                0x08001e08                TIM1_CC_IRQHandler
                0x08001e08                PVD_IRQHandler
                0x08001e08                EXTI3_IRQHandler
                0x08001e08                EXTI0_IRQHandler
                0x08001e08                I2C2_EV_IRQHandler
                0x08001e08                ADC1_2_IRQHandler
                0x08001e08                SPI1_IRQHandler
                0x08001e08                TAMPER_IRQHandler
                0x08001e08                DMA1_Channel4_IRQHandler
                0x08001e08                USART3_IRQHandler
                0x08001e08                RTC_IRQHandler
                0x08001e08                DMA1_Channel7_IRQHandler
                0x08001e08                CAN1_RX1_IRQHandler
                0x08001e08                TIM4_IRQHandler
                0x08001e08                I2C1_EV_IRQHandler
                0x08001e08                DMA1_Channel6_IRQHandler
                0x08001e08                TIM3_IRQHandler
                0x08001e08                RCC_IRQHandler
                0x08001e08                TIM1_TRG_COM_IRQHandler
                0x08001e08                DMA1_Channel1_IRQHandler
                0x08001e08                Default_Handler
                0x08001e08                EXTI15_10_IRQHandler
                0x08001e08                EXTI9_5_IRQHandler
                0x08001e08                SPI2_IRQHandler
                0x08001e08                DMA1_Channel5_IRQHandler
                0x08001e08                EXTI4_IRQHandler
                0x08001e08                USB_HP_CAN1_TX_IRQHandler
                0x08001e08                DMA1_Channel3_IRQHandler
                0x08001e08                TIM1_UP_IRQHandler
                0x08001e08                WWDG_IRQHandler
                0x08001e08                TIM1_BRK_IRQHandler
                0x08001e08                EXTI1_IRQHandler
                0x08001e08                USART2_IRQHandler
                0x08001e08                I2C2_ER_IRQHandler
                0x08001e08                DMA1_Channel2_IRQHandler
                0x08001e08                CAN1_SCE_IRQHandler
                0x08001e08                FLASH_IRQHandler
                0x08001e08                I2C1_ER_IRQHandler
                0x08001e08                USBWakeUp_IRQHandler
 .text.memset   0x08001e0a       0x10 D:/CubeCLT/STM32CubeCLT_1.21.0/GNU-tools-for-STM32/bin/../lib/gcc/arm-none-eabi/14.3.1/../../../../arm-none-eabi/lib/thumb/v7-m/nofp\libc_nano.a(libc_a-memset.o)
                0x08001e0a                memset
 *fill*         0x08001e1a        0x2 
 .text.__libc_init_array
                0x08001e1c       0x48 D:/CubeCLT/STM32CubeCLT_1.21.0/GNU-tools-for-STM32/bin/../lib/gcc/arm-none-eabi/14.3.1/../../../../arm-none-eabi/lib/thumb/v7-m/nofp\libc_nano.a(libc_a-init.o)
                0x08001e1c                __libc_init_array
 *(.glue_7)
 .glue_7        0x08001e64        0x0 linker stubs
 *(.glue_7t)
 .glue_7t       0x08001e64        0x0 linker stubs
 *(.eh_frame)
 .eh_frame      0x08001e64        0x0 D:/CubeCLT/STM32CubeCLT_1.21.0/GNU-tools-for-STM32/bin/../lib/gcc/arm-none-eabi/14.3.1/thumb/v7-m/nofp/crtbegin.o
 *(.init)
 .init          0x08001e64        0x4 D:/CubeCLT/STM32CubeCLT_1.21.0/GNU-tools-for-STM32/bin/../lib/gcc/arm-none-eabi/14.3.1/thumb/v7-m/nofp/crti.o
                0x08001e64                _init
 .init          0x08001e68        0x8 D:/CubeCLT/STM32CubeCLT_1.21.0/GNU-tools-for-STM32/bin/../lib/gcc/arm-none-eabi/14.3.1/thumb/v7-m/nofp/crtn.o
 *(.fini)
 .fini          0x08001e70        0x4 D:/CubeCLT/STM32CubeCLT_1.21.0/GNU-tools-for-STM32/bin/../lib/gcc/arm-none-eabi/14.3.1/thumb/v7-m/nofp/crti.o
                0x08001e70                _fini
 .fini          0x08001e74        0x8 D:/CubeCLT/STM32CubeCLT_1.21.0/GNU-tools-for-STM32/bin/../lib/gcc/arm-none-eabi/14.3.1/thumb/v7-m/nofp/crtn.o
                0x08001e7c                        . = ALIGN (0x4)
                0x08001e7c                        _etext = .

.vfp11_veneer   0x08001e7c        0x0
 .vfp11_veneer  0x08001e7c        0x0 linker stubs

.v4_bx          0x08001e7c        0x0
 .v4_bx         0x08001e7c        0x0 linker stubs

.iplt           0x08001e7c        0x0
 .iplt          0x08001e7c        0x0 D:/CubeCLT/STM32CubeCLT_1.21.0/GNU-tools-for-STM32/bin/../lib/gcc/arm-none-eabi/14.3.1/thumb/v7-m/nofp/crtbegin.o

.rodata         0x08001e7c       0x40
                0x08001e7c                        . = ALIGN (0x4)
 *(.rodata)
 *(.rodata*)
 .rodata.aPredivFactorTable.0
                0x08001e7c        0x2 build/stm32f1xx_hal_rcc.o
 *fill*         0x08001e7e        0x2 
 .rodata.aPLLMULFactorTable.1
                0x08001e80       0x10 build/stm32f1xx_hal_rcc.o
 .rodata.aPredivFactorTable.0
                0x08001e90        0x2 build/stm32f1xx_hal_rcc_ex.o
 *fill*         0x08001e92        0x2 
 .rodata.aPLLMULFactorTable.1
                0x08001e94       0x10 build/stm32f1xx_hal_rcc_ex.o
 .rodata.APBPrescTable
                0x08001ea4        0x8 build/system_stm32f1xx.o
                0x08001ea4                APBPrescTable
 .rodata.AHBPrescTable
                0x08001eac       0x10 build/system_stm32f1xx.o
                0x08001eac                AHBPrescTable
                0x08001ebc                        . = ALIGN (0x4)

.rel.dyn        0x08001ebc        0x0
 .rel.iplt      0x08001ebc        0x0 D:/CubeCLT/STM32CubeCLT_1.21.0/GNU-tools-for-STM32/bin/../lib/gcc/arm-none-eabi/14.3.1/thumb/v7-m/nofp/crtbegin.o

.ARM.extab
 *(.ARM.extab* .gnu.linkonce.armextab.*)

.ARM            0x08001ebc        0x0
                0x08001ebc                        __exidx_start = .
 *(.ARM.exidx*)
                0x08001ebc                        __exidx_end = .

.preinit_array  0x08001ebc        0x0
                0x08001ebc                        PROVIDE (__preinit_array_start = .)
 *(.preinit_array*)
                0x08001ebc                        PROVIDE (__preinit_array_end = .)

.init_array     0x08001ebc        0x4
                0x08001ebc                        PROVIDE (__init_array_start = .)
 *(SORT_BY_NAME(.init_array.*))
 *(.init_array*)
 .init_array    0x08001ebc        0x4 D:/CubeCLT/STM32CubeCLT_1.21.0/GNU-tools-for-STM32/bin/../lib/gcc/arm-none-eabi/14.3.1/thumb/v7-m/nofp/crtbegin.o
                0x08001ec0                        PROVIDE (__init_array_end = .)

.fini_array     0x08001ec0        0x4
                [!provide]                        PROVIDE (__fini_array_start = .)
 *(SORT_BY_NAME(.fini_array.*))
 *(.fini_array*)
 .fini_array    0x08001ec0        0x4 D:/CubeCLT/STM32CubeCLT_1.21.0/GNU-tools-for-STM32/bin/../lib/gcc/arm-none-eabi/14.3.1/thumb/v7-m/nofp/crtbegin.o
                [!provide]                        PROVIDE (__fini_array_end = .)
                0x08001ec4                        _sidata = LOADADDR (.data)

.data           0x20000000       0x50 load address 0x08001ec4
                0x20000000                        . = ALIGN (0x4)
                0x20000000                        _sdata = .
 *(.data)
 *(.data*)
 .data.hold_time
                0x20000000        0x4 build/main.o
                0x20000000                hold_time
 .data.audio_center
                0x20000004        0x2 build/main.o
                0x20000004                audio_center
 *fill*         0x20000006        0x2 
 .data.pins     0x20000008       0x14 build/main.o
                0x20000008                pins
 .data.ports    0x2000001c       0x28 build/main.o
                0x2000001c                ports
 .data.uwTickFreq
                0x20000044        0x1 build/stm32f1xx_hal.o
                0x20000044                uwTickFreq
 *fill*         0x20000045        0x3 
 .data.uwTickPrio
                0x20000048        0x4 build/stm32f1xx_hal.o
                0x20000048                uwTickPrio
 .data.SystemCoreClock
                0x2000004c        0x4 build/system_stm32f1xx.o
                0x2000004c                SystemCoreClock
                0x20000050                        . = ALIGN (0x4)
                0x20000050                        _edata = .

.igot.plt       0x20000050        0x0 load address 0x08001f14
 .igot.plt      0x20000050        0x0 D:/CubeCLT/STM32CubeCLT_1.21.0/GNU-tools-for-STM32/bin/../lib/gcc/arm-none-eabi/14.3.1/thumb/v7-m/nofp/crtbegin.o
                0x20000050                        . = ALIGN (0x4)

.bss            0x20000050       0xa4 load address 0x08001f14
                0x20000050                        _sbss = .
                0x20000050                        __bss_start__ = _sbss
 *(.bss)
 .bss           0x20000050       0x1c D:/CubeCLT/STM32CubeCLT_1.21.0/GNU-tools-for-STM32/bin/../lib/gcc/arm-none-eabi/14.3.1/thumb/v7-m/nofp/crtbegin.o
 *(.bss*)
 .bss.last_peak_time
                0x2000006c        0x4 build/main.o
                0x2000006c                last_peak_time
 .bss.displayed_level
                0x20000070        0x1 build/main.o
                0x20000070                displayed_level
 .bss.led_level
                0x20000071        0x1 build/main.o
                0x20000071                led_level
 .bss.amplitude
                0x20000072        0x2 build/main.o
                0x20000072                amplitude
 .bss.adc_value
                0x20000074        0x2 build/main.o
                0x20000074                adc_value
 *fill*         0x20000076        0x2 
 .bss.huart1    0x20000078       0x48 build/main.o
                0x20000078                huart1
 .bss.hadc1     0x200000c0       0x30 build/main.o
                0x200000c0                hadc1
 .bss.uwTick    0x200000f0        0x4 build/stm32f1xx_hal.o
                0x200000f0                uwTick
 *(COMMON)
                0x200000f4                        . = ALIGN (0x4)
                0x200000f4                        _ebss = .
                0x200000f4                        __bss_end__ = _ebss

._user_heap_stack
                0x200000f4      0x604 load address 0x08001f14
                0x200000f8                        . = ALIGN (0x8)
 *fill*         0x200000f4        0x4 
                0x200000f8                        PROVIDE (end = .)
                [!provide]                        PROVIDE (_end = .)
                0x200002f8                        . = (. + _Min_Heap_Size)
 *fill*         0x200000f8      0x200 
                0x200006f8                        . = (. + _Min_Stack_Size)
 *fill*         0x200002f8      0x400 
                0x200006f8                        . = ALIGN (0x8)

/DISCARD/
 libc.a(*)
 libm.a(*)
 libgcc.a(*)

.ARM.attributes
                0x00000000       0x29
 *(.ARM.attributes)
 .ARM.attributes
                0x00000000       0x1d D:/CubeCLT/STM32CubeCLT_1.21.0/GNU-tools-for-STM32/bin/../lib/gcc/arm-none-eabi/14.3.1/thumb/v7-m/nofp/crti.o
 .ARM.attributes
                0x0000001d       0x2d D:/CubeCLT/STM32CubeCLT_1.21.0/GNU-tools-for-STM32/bin/../lib/gcc/arm-none-eabi/14.3.1/thumb/v7-m/nofp/crtbegin.o
 .ARM.attributes
                0x0000004a       0x2d build/main.o
 .ARM.attributes
                0x00000077       0x2d build/stm32f1xx_it.o
 .ARM.attributes
                0x000000a4       0x2d build/stm32f1xx_hal_msp.o
 .ARM.attributes
                0x000000d1       0x2d build/stm32f1xx_hal_adc.o
 .ARM.attributes
                0x000000fe       0x2d build/stm32f1xx_hal.o
 .ARM.attributes
                0x0000012b       0x2d build/stm32f1xx_hal_rcc.o
 .ARM.attributes
                0x00000158       0x2d build/stm32f1xx_hal_rcc_ex.o
 .ARM.attributes
                0x00000185       0x2d build/stm32f1xx_hal_gpio.o
 .ARM.attributes
                0x000001b2       0x2d build/stm32f1xx_hal_dma.o
 .ARM.attributes
                0x000001df       0x2d build/stm32f1xx_hal_cortex.o
 .ARM.attributes
                0x0000020c       0x2d build/system_stm32f1xx.o
 .ARM.attributes
                0x00000239       0x2d build/stm32f1xx_hal_uart.o
 .ARM.attributes
                0x00000266       0x21 build/startup_stm32f103xb.o
 .ARM.attributes
                0x00000287       0x2d D:/CubeCLT/STM32CubeCLT_1.21.0/GNU-tools-for-STM32/bin/../lib/gcc/arm-none-eabi/14.3.1/../../../../arm-none-eabi/lib/thumb/v7-m/nofp\libc_nano.a(libc_a-memset.o)
 .ARM.attributes
                0x000002b4       0x2d D:/CubeCLT/STM32CubeCLT_1.21.0/GNU-tools-for-STM32/bin/../lib/gcc/arm-none-eabi/14.3.1/../../../../arm-none-eabi/lib/thumb/v7-m/nofp\libc_nano.a(libc_a-init.o)
 .ARM.attributes
                0x000002e1       0x1d D:/CubeCLT/STM32CubeCLT_1.21.0/GNU-tools-for-STM32/bin/../lib/gcc/arm-none-eabi/14.3.1/thumb/v7-m/nofp/crtn.o
OUTPUT(build/Test1.elf elf32-littlearm)
LOAD linker stubs
LOAD D:/CubeCLT/STM32CubeCLT_1.21.0/GNU-tools-for-STM32/bin/../lib/gcc/arm-none-eabi/14.3.1/../../../../arm-none-eabi/lib/thumb/v7-m/nofp\libc.a
LOAD D:/CubeCLT/STM32CubeCLT_1.21.0/GNU-tools-for-STM32/bin/../lib/gcc/arm-none-eabi/14.3.1/../../../../arm-none-eabi/lib/thumb/v7-m/nofp\libm.a
LOAD D:/CubeCLT/STM32CubeCLT_1.21.0/GNU-tools-for-STM32/bin/../lib/gcc/arm-none-eabi/14.3.1/thumb/v7-m/nofp\libgcc.a

.debug_info     0x00000000     0xb802
 .debug_info    0x00000000     0x1387 build/main.o
 .debug_info    0x00001387      0x725 build/stm32f1xx_it.o
 .debug_info    0x00001aac     0x1026 build/stm32f1xx_hal_msp.o
 .debug_info    0x00002ad2     0x108e build/stm32f1xx_hal_adc.o
 .debug_info    0x00003b60      0x880 build/stm32f1xx_hal.o
 .debug_info    0x000043e0      0xb10 build/stm32f1xx_hal_rcc.o
 .debug_info    0x00004ef0      0x47d build/stm32f1xx_hal_rcc_ex.o
 .debug_info    0x0000536d      0x6d7 build/stm32f1xx_hal_gpio.o
 .debug_info    0x00005a44      0x8d5 build/stm32f1xx_hal_dma.o
 .debug_info    0x00006319      0xe3f build/stm32f1xx_hal_cortex.o
 .debug_info    0x00007158      0x26e build/system_stm32f1xx.o
 .debug_info    0x000073c6     0x440c build/stm32f1xx_hal_uart.o
 .debug_info    0x0000b7d2       0x30 build/startup_stm32f103xb.o

.debug_abbrev   0x00000000     0x1c7a
 .debug_abbrev  0x00000000      0x2bb build/main.o
 .debug_abbrev  0x000002bb      0x172 build/stm32f1xx_it.o
 .debug_abbrev  0x0000042d      0x206 build/stm32f1xx_hal_msp.o
 .debug_abbrev  0x00000633      0x282 build/stm32f1xx_hal_adc.o
 .debug_abbrev  0x000008b5      0x232 build/stm32f1xx_hal.o
 .debug_abbrev  0x00000ae7      0x2d6 build/stm32f1xx_hal_rcc.o
 .debug_abbrev  0x00000dbd      0x1d4 build/stm32f1xx_hal_rcc_ex.o
 .debug_abbrev  0x00000f91      0x222 build/stm32f1xx_hal_gpio.o
 .debug_abbrev  0x000011b3      0x261 build/stm32f1xx_hal_dma.o
 .debug_abbrev  0x00001414      0x3aa build/stm32f1xx_hal_cortex.o
 .debug_abbrev  0x000017be      0x140 build/system_stm32f1xx.o
 .debug_abbrev  0x000018fe      0x35f build/stm32f1xx_hal_uart.o
 .debug_abbrev  0x00001c5d       0x1d build/startup_stm32f103xb.o

.debug_loc      0x00000000     0x8dac
 .debug_loc     0x00000000      0x29f build/main.o
 .debug_loc     0x0000029f       0x40 build/stm32f1xx_it.o
 .debug_loc     0x000002df      0x2a4 build/stm32f1xx_hal_msp.o
 .debug_loc     0x00000583      0xf1c build/stm32f1xx_hal_adc.o
 .debug_loc     0x0000149f      0x1f9 build/stm32f1xx_hal.o
 .debug_loc     0x00001698      0x7c6 build/stm32f1xx_hal_rcc.o
 .debug_loc     0x00001e5e      0x484 build/stm32f1xx_hal_rcc_ex.o
 .debug_loc     0x000022e2      0x55f build/stm32f1xx_hal_gpio.o
 .debug_loc     0x00002841      0x990 build/stm32f1xx_hal_dma.o
 .debug_loc     0x000031d1      0x8b4 build/stm32f1xx_hal_cortex.o
 .debug_loc     0x00003a85      0x11b build/system_stm32f1xx.o
 .debug_loc     0x00003ba0     0x520c build/stm32f1xx_hal_uart.o

.debug_aranges  0x00000000      0x790
 .debug_aranges
                0x00000000       0x50 build/main.o
 .debug_aranges
                0x00000050       0x78 build/stm32f1xx_it.o
 .debug_aranges
                0x000000c8       0x48 build/stm32f1xx_hal_msp.o
 .debug_aranges
                0x00000110       0xf0 build/stm32f1xx_hal_adc.o
 .debug_aranges
                0x00000200       0xe0 build/stm32f1xx_hal.o
 .debug_aranges
                0x000002e0       0x90 build/stm32f1xx_hal_rcc.o
 .debug_aranges
                0x00000370       0x30 build/stm32f1xx_hal_rcc_ex.o
 .debug_aranges
                0x000003a0       0x58 build/stm32f1xx_hal_gpio.o
 .debug_aranges
                0x000003f8       0x80 build/stm32f1xx_hal_dma.o
 .debug_aranges
                0x00000478       0xc0 build/stm32f1xx_hal_cortex.o
 .debug_aranges
                0x00000538       0x28 build/system_stm32f1xx.o
 .debug_aranges
                0x00000560      0x208 build/stm32f1xx_hal_uart.o
 .debug_aranges
                0x00000768       0x28 build/startup_stm32f103xb.o

.debug_ranges   0x00000000      0x760
 .debug_ranges  0x00000000       0x88 build/main.o
 .debug_ranges  0x00000088       0x68 build/stm32f1xx_it.o
 .debug_ranges  0x000000f0       0x38 build/stm32f1xx_hal_msp.o
 .debug_ranges  0x00000128       0xe0 build/stm32f1xx_hal_adc.o
 .debug_ranges  0x00000208       0xd0 build/stm32f1xx_hal.o
 .debug_ranges  0x000002d8       0xa0 build/stm32f1xx_hal_rcc.o
 .debug_ranges  0x00000378       0x38 build/stm32f1xx_hal_rcc_ex.o
 .debug_ranges  0x000003b0       0x48 build/stm32f1xx_hal_gpio.o
 .debug_ranges  0x000003f8       0x70 build/stm32f1xx_hal_dma.o
 .debug_ranges  0x00000468       0xb0 build/stm32f1xx_hal_cortex.o
 .debug_ranges  0x00000518       0x18 build/system_stm32f1xx.o
 .debug_ranges  0x00000530      0x210 build/stm32f1xx_hal_uart.o
 .debug_ranges  0x00000740       0x20 build/startup_stm32f103xb.o

.debug_line     0x00000000     0x8326
 .debug_line    0x00000000      0x6d3 build/main.o
 .debug_line    0x000006d3      0x31c build/stm32f1xx_it.o
 .debug_line    0x000009ef      0x3d2 build/stm32f1xx_hal_msp.o
 .debug_line    0x00000dc1      0xea8 build/stm32f1xx_hal_adc.o
 .debug_line    0x00001c69      0x574 build/stm32f1xx_hal.o
 .debug_line    0x000021dd      0xcf4 build/stm32f1xx_hal_rcc.o
 .debug_line    0x00002ed1      0x4ed build/stm32f1xx_hal_rcc_ex.o
 .debug_line    0x000033be      0x60d build/stm32f1xx_hal_gpio.o
 .debug_line    0x000039cb      0xb22 build/stm32f1xx_hal_dma.o
 .debug_line    0x000044ed      0x6eb build/stm32f1xx_hal_cortex.o
 .debug_line    0x00004bd8      0x289 build/system_stm32f1xx.o
 .debug_line    0x00004e61     0x3454 build/stm32f1xx_hal_uart.o
 .debug_line    0x000082b5       0x71 build/startup_stm32f103xb.o

.debug_str      0x00000000     0x27f0
 .debug_str     0x00000000     0x27f0 build/main.o
                                0xb21 (size before relaxing)
 .debug_str     0x000027f0      0x65f build/stm32f1xx_it.o
 .debug_str     0x000027f0      0xcc2 build/stm32f1xx_hal_msp.o
 .debug_str     0x000027f0      0x8b1 build/stm32f1xx_hal_adc.o
 .debug_str     0x000027f0      0x805 build/stm32f1xx_hal.o
 .debug_str     0x000027f0      0x602 build/stm32f1xx_hal_rcc.o
 .debug_str     0x000027f0      0x3aa build/stm32f1xx_hal_rcc_ex.o
 .debug_str     0x000027f0      0x3d7 build/stm32f1xx_hal_gpio.o
 .debug_str     0x000027f0      0x5d4 build/stm32f1xx_hal_dma.o
 .debug_str     0x000027f0      0x8aa build/stm32f1xx_hal_cortex.o
 .debug_str     0x000027f0      0x22b build/system_stm32f1xx.o
 .debug_str     0x000027f0      0xccb build/stm32f1xx_hal_uart.o
 .debug_str     0x000027f0       0x62 build/startup_stm32f103xb.o

.comment        0x00000000       0x43
 .comment       0x00000000       0x43 build/main.o
                                 0x44 (size before relaxing)
 .comment       0x00000043       0x44 build/stm32f1xx_it.o
 .comment       0x00000043       0x44 build/stm32f1xx_hal_msp.o
 .comment       0x00000043       0x44 build/stm32f1xx_hal_adc.o
 .comment       0x00000043       0x44 build/stm32f1xx_hal.o
 .comment       0x00000043       0x44 build/stm32f1xx_hal_rcc.o
 .comment       0x00000043       0x44 build/stm32f1xx_hal_rcc_ex.o
 .comment       0x00000043       0x44 build/stm32f1xx_hal_gpio.o
 .comment       0x00000043       0x44 build/stm32f1xx_hal_dma.o
 .comment       0x00000043       0x44 build/stm32f1xx_hal_cortex.o
 .comment       0x00000043       0x44 build/system_stm32f1xx.o
 .comment       0x00000043       0x44 build/stm32f1xx_hal_uart.o

.debug_frame    0x00000000     0x1300
 .debug_frame   0x00000000       0xdc build/main.o
 .debug_frame   0x000000dc       0xe0 build/stm32f1xx_it.o
 .debug_frame   0x000001bc       0xb8 build/stm32f1xx_hal_msp.o
 .debug_frame   0x00000274      0x2c8 build/stm32f1xx_hal_adc.o
 .debug_frame   0x0000053c      0x1cc build/stm32f1xx_hal.o
 .debug_frame   0x00000708      0x184 build/stm32f1xx_hal_rcc.o
 .debug_frame   0x0000088c       0x60 build/stm32f1xx_hal_rcc_ex.o
 .debug_frame   0x000008ec       0xe4 build/stm32f1xx_hal_gpio.o
 .debug_frame   0x000009d0      0x144 build/stm32f1xx_hal_dma.o
 .debug_frame   0x00000b14      0x19c build/stm32f1xx_hal_cortex.o
 .debug_frame   0x00000cb0       0x30 build/system_stm32f1xx.o
 .debug_frame   0x00000ce0      0x5d4 build/stm32f1xx_hal_uart.o
 .debug_frame   0x000012b4       0x20 D:/CubeCLT/STM32CubeCLT_1.21.0/GNU-tools-for-STM32/bin/../lib/gcc/arm-none-eabi/14.3.1/../../../../arm-none-eabi/lib/thumb/v7-m/nofp\libc_nano.a(libc_a-memset.o)
 .debug_frame   0x000012d4       0x2c D:/CubeCLT/STM32CubeCLT_1.21.0/GNU-tools-for-STM32/bin/../lib/gcc/arm-none-eabi/14.3.1/../../../../arm-none-eabi/lib/thumb/v7-m/nofp\libc_nano.a(libc_a-init.o)

Cross Reference Table

Symbol                                            File
ADC1_2_IRQHandler                                 build/startup_stm32f103xb.o
ADC_ConversionStop_Disable                        build/stm32f1xx_hal_adc.o
ADC_DMAConvCplt                                   build/stm32f1xx_hal_adc.o
ADC_DMAError                                      build/stm32f1xx_hal_adc.o
ADC_DMAHalfConvCplt                               build/stm32f1xx_hal_adc.o
ADC_Enable                                        build/stm32f1xx_hal_adc.o
AHBPrescTable                                     build/system_stm32f1xx.o
                                                  build/stm32f1xx_hal_rcc.o
APBPrescTable                                     build/system_stm32f1xx.o
                                                  build/stm32f1xx_hal_rcc.o
BusFault_Handler                                  build/stm32f1xx_it.o
CAN1_RX1_IRQHandler                               build/startup_stm32f103xb.o
CAN1_SCE_IRQHandler                               build/startup_stm32f103xb.o
CDC_Transmit_FS                                   build/usbd_cdc_if.o
DMA1_Channel1_IRQHandler                          build/startup_stm32f103xb.o
DMA1_Channel2_IRQHandler                          build/startup_stm32f103xb.o
DMA1_Channel3_IRQHandler                          build/startup_stm32f103xb.o
DMA1_Channel4_IRQHandler                          build/startup_stm32f103xb.o
DMA1_Channel5_IRQHandler                          build/startup_stm32f103xb.o
DMA1_Channel6_IRQHandler                          build/startup_stm32f103xb.o
DMA1_Channel7_IRQHandler                          build/startup_stm32f103xb.o
DebugMon_Handler                                  build/stm32f1xx_it.o
Default_Handler                                   build/startup_stm32f103xb.o
EXTI0_IRQHandler                                  build/startup_stm32f103xb.o
EXTI15_10_IRQHandler                              build/startup_stm32f103xb.o
EXTI1_IRQHandler                                  build/startup_stm32f103xb.o
EXTI2_IRQHandler                                  build/startup_stm32f103xb.o
EXTI3_IRQHandler                                  build/startup_stm32f103xb.o
EXTI4_IRQHandler                                  build/startup_stm32f103xb.o
EXTI9_5_IRQHandler                                build/startup_stm32f103xb.o
Error_Handler                                     build/main.o
                                                  build/usbd_conf.o
                                                  build/usb_device.o
FLASH_IRQHandler                                  build/startup_stm32f103xb.o
FLASH_PageErase                                   build/stm32f1xx_hal_flash_ex.o
                                                  build/stm32f1xx_hal_flash.o
FLASH_WaitForLastOperation                        build/stm32f1xx_hal_flash.o
                                                  build/stm32f1xx_hal_flash_ex.o
FS_Desc                                           build/usbd_desc.o
                                                  build/usb_device.o
HAL_ADCEx_InjectedConvCpltCallback                build/stm32f1xx_hal_adc.o
HAL_ADC_AnalogWDGConfig                           build/stm32f1xx_hal_adc.o
HAL_ADC_ConfigChannel                             build/stm32f1xx_hal_adc.o
                                                  build/main.o
HAL_ADC_ConvCpltCallback                          build/stm32f1xx_hal_adc.o
HAL_ADC_ConvHalfCpltCallback                      build/stm32f1xx_hal_adc.o
HAL_ADC_DeInit                                    build/stm32f1xx_hal_adc.o
HAL_ADC_ErrorCallback                             build/stm32f1xx_hal_adc.o
HAL_ADC_GetError                                  build/stm32f1xx_hal_adc.o
HAL_ADC_GetState                                  build/stm32f1xx_hal_adc.o
HAL_ADC_GetValue                                  build/stm32f1xx_hal_adc.o
                                                  build/main.o
HAL_ADC_IRQHandler                                build/stm32f1xx_hal_adc.o
HAL_ADC_Init                                      build/stm32f1xx_hal_adc.o
                                                  build/main.o
HAL_ADC_LevelOutOfWindowCallback                  build/stm32f1xx_hal_adc.o
HAL_ADC_MspDeInit                                 build/stm32f1xx_hal_adc.o
HAL_ADC_MspInit                                   build/stm32f1xx_hal_adc.o
HAL_ADC_PollForConversion                         build/stm32f1xx_hal_adc.o
                                                  build/main.o
HAL_ADC_PollForEvent                              build/stm32f1xx_hal_adc.o
HAL_ADC_Start                                     build/stm32f1xx_hal_adc.o
                                                  build/main.o
HAL_ADC_Start_DMA                                 build/stm32f1xx_hal_adc.o
HAL_ADC_Start_IT                                  build/stm32f1xx_hal_adc.o
HAL_ADC_Stop                                      build/stm32f1xx_hal_adc.o
                                                  build/main.o
HAL_ADC_Stop_DMA                                  build/stm32f1xx_hal_adc.o
HAL_ADC_Stop_IT                                   build/stm32f1xx_hal_adc.o
HAL_DBGMCU_DisableDBGSleepMode                    build/stm32f1xx_hal.o
HAL_DBGMCU_DisableDBGStandbyMode                  build/stm32f1xx_hal.o
HAL_DBGMCU_DisableDBGStopMode                     build/stm32f1xx_hal.o
HAL_DBGMCU_EnableDBGSleepMode                     build/stm32f1xx_hal.o
HAL_DBGMCU_EnableDBGStandbyMode                   build/stm32f1xx_hal.o
HAL_DBGMCU_EnableDBGStopMode                      build/stm32f1xx_hal.o
HAL_DMA_Abort                                     build/stm32f1xx_hal_dma.o
                                                  build/stm32f1xx_hal_uart.o
                                                  build/stm32f1xx_hal_adc.o
HAL_DMA_Abort_IT                                  build/stm32f1xx_hal_dma.o
                                                  build/stm32f1xx_hal_uart.o
                                                  build/stm32f1xx_hal_tim_ex.o
                                                  build/stm32f1xx_hal_tim.o
HAL_DMA_DeInit                                    build/stm32f1xx_hal_dma.o
HAL_DMA_GetError                                  build/stm32f1xx_hal_dma.o
                                                  build/stm32f1xx_hal_uart.o
HAL_DMA_GetState                                  build/stm32f1xx_hal_dma.o
HAL_DMA_IRQHandler                                build/stm32f1xx_hal_dma.o
HAL_DMA_Init                                      build/stm32f1xx_hal_dma.o
HAL_DMA_PollForTransfer                           build/stm32f1xx_hal_dma.o
HAL_DMA_RegisterCallback                          build/stm32f1xx_hal_dma.o
HAL_DMA_Start                                     build/stm32f1xx_hal_dma.o
HAL_DMA_Start_IT                                  build/stm32f1xx_hal_dma.o
                                                  build/stm32f1xx_hal_uart.o
                                                  build/stm32f1xx_hal_tim_ex.o
                                                  build/stm32f1xx_hal_tim.o
                                                  build/stm32f1xx_hal_adc.o
HAL_DMA_UnRegisterCallback                        build/stm32f1xx_hal_dma.o
HAL_DeInit                                        build/stm32f1xx_hal.o
HAL_Delay                                         build/stm32f1xx_hal.o
                                                  build/usbd_conf.o
                                                  build/main.o
HAL_EXTI_ClearConfigLine                          build/stm32f1xx_hal_exti.o
HAL_EXTI_ClearPending                             build/stm32f1xx_hal_exti.o
HAL_EXTI_GenerateSWI                              build/stm32f1xx_hal_exti.o
HAL_EXTI_GetConfigLine                            build/stm32f1xx_hal_exti.o
HAL_EXTI_GetHandle                                build/stm32f1xx_hal_exti.o
HAL_EXTI_GetPending                               build/stm32f1xx_hal_exti.o
HAL_EXTI_IRQHandler                               build/stm32f1xx_hal_exti.o
HAL_EXTI_RegisterCallback                         build/stm32f1xx_hal_exti.o
HAL_EXTI_SetConfigLine                            build/stm32f1xx_hal_exti.o
HAL_FLASHEx_Erase                                 build/stm32f1xx_hal_flash_ex.o
HAL_FLASHEx_Erase_IT                              build/stm32f1xx_hal_flash_ex.o
HAL_FLASHEx_OBErase                               build/stm32f1xx_hal_flash_ex.o
HAL_FLASHEx_OBGetConfig                           build/stm32f1xx_hal_flash_ex.o
HAL_FLASHEx_OBGetUserData                         build/stm32f1xx_hal_flash_ex.o
HAL_FLASHEx_OBProgram                             build/stm32f1xx_hal_flash_ex.o
HAL_FLASH_EndOfOperationCallback                  build/stm32f1xx_hal_flash.o
HAL_FLASH_GetError                                build/stm32f1xx_hal_flash.o
HAL_FLASH_IRQHandler                              build/stm32f1xx_hal_flash.o
HAL_FLASH_Lock                                    build/stm32f1xx_hal_flash.o
HAL_FLASH_OB_Launch                               build/stm32f1xx_hal_flash.o
HAL_FLASH_OB_Lock                                 build/stm32f1xx_hal_flash.o
HAL_FLASH_OB_Unlock                               build/stm32f1xx_hal_flash.o
HAL_FLASH_OperationErrorCallback                  build/stm32f1xx_hal_flash.o
HAL_FLASH_Program                                 build/stm32f1xx_hal_flash.o
HAL_FLASH_Program_IT                              build/stm32f1xx_hal_flash.o
HAL_FLASH_Unlock                                  build/stm32f1xx_hal_flash.o
HAL_GPIOEx_ConfigEventout                         build/stm32f1xx_hal_gpio_ex.o
HAL_GPIOEx_DisableEventout                        build/stm32f1xx_hal_gpio_ex.o
HAL_GPIOEx_EnableEventout                         build/stm32f1xx_hal_gpio_ex.o
HAL_GPIO_DeInit                                   build/stm32f1xx_hal_gpio.o
                                                  build/stm32f1xx_hal_msp.o
HAL_GPIO_EXTI_Callback                            build/stm32f1xx_hal_gpio.o
HAL_GPIO_EXTI_IRQHandler                          build/stm32f1xx_hal_gpio.o
HAL_GPIO_Init                                     build/stm32f1xx_hal_gpio.o
                                                  build/stm32f1xx_hal_rcc.o
                                                  build/stm32f1xx_hal_msp.o
                                                  build/main.o
HAL_GPIO_LockPin                                  build/stm32f1xx_hal_gpio.o
HAL_GPIO_ReadPin                                  build/stm32f1xx_hal_gpio.o
HAL_GPIO_TogglePin                                build/stm32f1xx_hal_gpio.o
HAL_GPIO_WritePin                                 build/stm32f1xx_hal_gpio.o
                                                  build/main.o
HAL_GetDEVID                                      build/stm32f1xx_hal.o
HAL_GetHalVersion                                 build/stm32f1xx_hal.o
HAL_GetREVID                                      build/stm32f1xx_hal.o
HAL_GetTick                                       build/stm32f1xx_hal.o
                                                  build/stm32f1xx_hal_uart.o
                                                  build/stm32f1xx_hal_flash.o
                                                  build/stm32f1xx_hal_dma.o
                                                  build/stm32f1xx_hal_rcc_ex.o
                                                  build/stm32f1xx_hal_rcc.o
                                                  build/stm32f1xx_hal_adc.o
                                                  build/main.o
HAL_GetTickFreq                                   build/stm32f1xx_hal.o
HAL_GetTickPrio                                   build/stm32f1xx_hal.o
HAL_GetUIDw0                                      build/stm32f1xx_hal.o
HAL_GetUIDw1                                      build/stm32f1xx_hal.o
HAL_GetUIDw2                                      build/stm32f1xx_hal.o
HAL_HalfDuplex_EnableReceiver                     build/stm32f1xx_hal_uart.o
HAL_HalfDuplex_EnableTransmitter                  build/stm32f1xx_hal_uart.o
HAL_HalfDuplex_Init                               build/stm32f1xx_hal_uart.o
HAL_IncTick                                       build/stm32f1xx_hal.o
                                                  build/stm32f1xx_it.o
HAL_Init                                          build/stm32f1xx_hal.o
                                                  build/main.o
HAL_InitTick                                      build/stm32f1xx_hal.o
                                                  build/stm32f1xx_hal_rcc.o
HAL_LIN_Init                                      build/stm32f1xx_hal_uart.o
HAL_LIN_SendBreak                                 build/stm32f1xx_hal_uart.o
HAL_MspDeInit                                     build/stm32f1xx_hal.o
HAL_MspInit                                       build/stm32f1xx_hal_msp.o
HAL_MultiProcessor_EnterMuteMode                  build/stm32f1xx_hal_uart.o
HAL_MultiProcessor_ExitMuteMode                   build/stm32f1xx_hal_uart.o
HAL_MultiProcessor_Init                           build/stm32f1xx_hal_uart.o
HAL_NVIC_ClearPendingIRQ                          build/stm32f1xx_hal_cortex.o
HAL_NVIC_DisableIRQ                               build/stm32f1xx_hal_cortex.o
                                                  build/usbd_conf.o
                                                  build/stm32f1xx_hal_msp.o
HAL_NVIC_EnableIRQ                                build/stm32f1xx_hal_cortex.o
                                                  build/usbd_conf.o
                                                  build/stm32f1xx_hal_msp.o
HAL_NVIC_GetActive                                build/stm32f1xx_hal_cortex.o
HAL_NVIC_GetPendingIRQ                            build/stm32f1xx_hal_cortex.o
HAL_NVIC_GetPriority                              build/stm32f1xx_hal_cortex.o
HAL_NVIC_GetPriorityGrouping                      build/stm32f1xx_hal_cortex.o
HAL_NVIC_SetPendingIRQ                            build/stm32f1xx_hal_cortex.o
HAL_NVIC_SetPriority                              build/stm32f1xx_hal_cortex.o
                                                  build/usbd_conf.o
                                                  build/stm32f1xx_hal.o
                                                  build/stm32f1xx_hal_msp.o
HAL_NVIC_SetPriorityGrouping                      build/stm32f1xx_hal_cortex.o
                                                  build/stm32f1xx_hal.o
HAL_NVIC_SystemReset                              build/stm32f1xx_hal_cortex.o
                                                  build/stm32f1xx_hal_flash.o
HAL_PCDEx_BCD_Callback                            build/stm32f1xx_hal_pcd_ex.o
HAL_PCDEx_LPM_Callback                            build/stm32f1xx_hal_pcd_ex.o
HAL_PCDEx_PMAConfig                               build/stm32f1xx_hal_pcd_ex.o
                                                  build/usbd_conf.o
HAL_PCDEx_SetConnectionState                      build/usbd_conf.o
                                                  build/stm32f1xx_hal_pcd_ex.o
                                                  build/stm32f1xx_hal_pcd.o
HAL_PCD_ActivateRemoteWakeup                      build/stm32f1xx_hal_pcd.o
HAL_PCD_ConnectCallback                           build/usbd_conf.o
                                                  build/stm32f1xx_hal_pcd.o
HAL_PCD_DataInStageCallback                       build/usbd_conf.o
                                                  build/stm32f1xx_hal_pcd.o
HAL_PCD_DataOutStageCallback                      build/usbd_conf.o
                                                  build/stm32f1xx_hal_pcd.o
HAL_PCD_DeActivateRemoteWakeup                    build/stm32f1xx_hal_pcd.o
HAL_PCD_DeInit                                    build/stm32f1xx_hal_pcd.o
                                                  build/usbd_conf.o
HAL_PCD_DevConnect                                build/stm32f1xx_hal_pcd.o
HAL_PCD_DevDisconnect                             build/stm32f1xx_hal_pcd.o
HAL_PCD_DisconnectCallback                        build/usbd_conf.o
                                                  build/stm32f1xx_hal_pcd.o
HAL_PCD_EP_Abort                                  build/stm32f1xx_hal_pcd.o
HAL_PCD_EP_Close                                  build/stm32f1xx_hal_pcd.o
                                                  build/usbd_conf.o
HAL_PCD_EP_ClrStall                               build/stm32f1xx_hal_pcd.o
                                                  build/usbd_conf.o
HAL_PCD_EP_Flush                                  build/stm32f1xx_hal_pcd.o
                                                  build/usbd_conf.o
HAL_PCD_EP_GetRxCount                             build/stm32f1xx_hal_pcd.o
                                                  build/usbd_conf.o
HAL_PCD_EP_Open                                   build/stm32f1xx_hal_pcd.o
                                                  build/usbd_conf.o
HAL_PCD_EP_Receive                                build/stm32f1xx_hal_pcd.o
                                                  build/usbd_conf.o
HAL_PCD_EP_SetStall                               build/stm32f1xx_hal_pcd.o
                                                  build/usbd_conf.o
HAL_PCD_EP_Transmit                               build/stm32f1xx_hal_pcd.o
                                                  build/usbd_conf.o
HAL_PCD_GetState                                  build/stm32f1xx_hal_pcd.o
HAL_PCD_IRQHandler                                build/stm32f1xx_hal_pcd.o
HAL_PCD_ISOINIncompleteCallback                   build/usbd_conf.o
                                                  build/stm32f1xx_hal_pcd.o
HAL_PCD_ISOOUTIncompleteCallback                  build/usbd_conf.o
                                                  build/stm32f1xx_hal_pcd.o
HAL_PCD_Init                                      build/stm32f1xx_hal_pcd.o
                                                  build/usbd_conf.o
HAL_PCD_MspDeInit                                 build/usbd_conf.o
                                                  build/stm32f1xx_hal_pcd.o
HAL_PCD_MspInit                                   build/usbd_conf.o
                                                  build/stm32f1xx_hal_pcd.o
HAL_PCD_ResetCallback                             build/usbd_conf.o
                                                  build/stm32f1xx_hal_pcd.o
HAL_PCD_ResumeCallback                            build/usbd_conf.o
                                                  build/stm32f1xx_hal_pcd.o
HAL_PCD_SOFCallback                               build/usbd_conf.o
                                                  build/stm32f1xx_hal_pcd.o
HAL_PCD_SetAddress                                build/stm32f1xx_hal_pcd.o
                                                  build/usbd_conf.o
HAL_PCD_SetupStageCallback                        build/usbd_conf.o
                                                  build/stm32f1xx_hal_pcd.o
HAL_PCD_Start                                     build/stm32f1xx_hal_pcd.o
                                                  build/usbd_conf.o
HAL_PCD_Stop                                      build/stm32f1xx_hal_pcd.o
                                                  build/usbd_conf.o
HAL_PCD_SuspendCallback                           build/usbd_conf.o
                                                  build/stm32f1xx_hal_pcd.o
HAL_PCD_WKUP_IRQHandler                           build/stm32f1xx_hal_pcd.o
HAL_PWR_ConfigPVD                                 build/stm32f1xx_hal_pwr.o
HAL_PWR_DeInit                                    build/stm32f1xx_hal_pwr.o
HAL_PWR_DisableBkUpAccess                         build/stm32f1xx_hal_pwr.o
HAL_PWR_DisablePVD                                build/stm32f1xx_hal_pwr.o
HAL_PWR_DisableSEVOnPend                          build/stm32f1xx_hal_pwr.o
HAL_PWR_DisableSleepOnExit                        build/stm32f1xx_hal_pwr.o
HAL_PWR_DisableWakeUpPin                          build/stm32f1xx_hal_pwr.o
HAL_PWR_EnableBkUpAccess                          build/stm32f1xx_hal_pwr.o
HAL_PWR_EnablePVD                                 build/stm32f1xx_hal_pwr.o
HAL_PWR_EnableSEVOnPend                           build/stm32f1xx_hal_pwr.o
HAL_PWR_EnableSleepOnExit                         build/stm32f1xx_hal_pwr.o
HAL_PWR_EnableWakeUpPin                           build/stm32f1xx_hal_pwr.o
HAL_PWR_EnterSLEEPMode                            build/stm32f1xx_hal_pwr.o
HAL_PWR_EnterSTANDBYMode                          build/stm32f1xx_hal_pwr.o
HAL_PWR_EnterSTOPMode                             build/stm32f1xx_hal_pwr.o
HAL_PWR_PVDCallback                               build/stm32f1xx_hal_pwr.o
HAL_PWR_PVD_IRQHandler                            build/stm32f1xx_hal_pwr.o
HAL_RCCEx_GetPeriphCLKConfig                      build/stm32f1xx_hal_rcc_ex.o
HAL_RCCEx_GetPeriphCLKFreq                        build/stm32f1xx_hal_rcc_ex.o
                                                  build/stm32f1xx_hal_adc.o
HAL_RCCEx_PeriphCLKConfig                         build/stm32f1xx_hal_rcc_ex.o
                                                  build/main.o
HAL_RCC_CSSCallback                               build/stm32f1xx_hal_rcc.o
HAL_RCC_ClockConfig                               build/stm32f1xx_hal_rcc.o
                                                  build/main.o
HAL_RCC_DeInit                                    build/stm32f1xx_hal_rcc.o
HAL_RCC_DisableCSS                                build/stm32f1xx_hal_rcc.o
HAL_RCC_EnableCSS                                 build/stm32f1xx_hal_rcc.o
HAL_RCC_GetClockConfig                            build/stm32f1xx_hal_rcc.o
HAL_RCC_GetHCLKFreq                               build/stm32f1xx_hal_rcc.o
HAL_RCC_GetOscConfig                              build/stm32f1xx_hal_rcc.o
HAL_RCC_GetPCLK1Freq                              build/stm32f1xx_hal_rcc.o
                                                  build/stm32f1xx_hal_uart.o
HAL_RCC_GetPCLK2Freq                              build/stm32f1xx_hal_rcc.o
                                                  build/stm32f1xx_hal_uart.o
                                                  build/stm32f1xx_hal_rcc_ex.o
HAL_RCC_GetSysClockFreq                           build/stm32f1xx_hal_rcc.o
HAL_RCC_MCOConfig                                 build/stm32f1xx_hal_rcc.o
HAL_RCC_NMI_IRQHandler                            build/stm32f1xx_hal_rcc.o
HAL_RCC_OscConfig                                 build/stm32f1xx_hal_rcc.o
                                                  build/main.o
HAL_ResumeTick                                    build/stm32f1xx_hal.o
HAL_SYSTICK_CLKSourceConfig                       build/stm32f1xx_hal_cortex.o
HAL_SYSTICK_Callback                              build/stm32f1xx_hal_cortex.o
HAL_SYSTICK_Config                                build/stm32f1xx_hal_cortex.o
                                                  build/stm32f1xx_hal.o
HAL_SYSTICK_IRQHandler                            build/stm32f1xx_hal_cortex.o
HAL_SetTickFreq                                   build/stm32f1xx_hal.o
HAL_SuspendTick                                   build/stm32f1xx_hal.o
HAL_TIMEx_BreakCallback                           build/stm32f1xx_hal_tim_ex.o
                                                  build/stm32f1xx_hal_tim.o
HAL_TIMEx_CommutCallback                          build/stm32f1xx_hal_tim_ex.o
                                                  build/stm32f1xx_hal_tim.o
HAL_TIMEx_CommutHalfCpltCallback                  build/stm32f1xx_hal_tim_ex.o
HAL_TIMEx_ConfigBreakDeadTime                     build/stm32f1xx_hal_tim_ex.o
HAL_TIMEx_ConfigCommutEvent                       build/stm32f1xx_hal_tim_ex.o
HAL_TIMEx_ConfigCommutEvent_DMA                   build/stm32f1xx_hal_tim_ex.o
HAL_TIMEx_ConfigCommutEvent_IT                    build/stm32f1xx_hal_tim_ex.o
HAL_TIMEx_GetChannelNState                        build/stm32f1xx_hal_tim_ex.o
HAL_TIMEx_HallSensor_DeInit                       build/stm32f1xx_hal_tim_ex.o
HAL_TIMEx_HallSensor_GetState                     build/stm32f1xx_hal_tim_ex.o
HAL_TIMEx_HallSensor_Init                         build/stm32f1xx_hal_tim_ex.o
HAL_TIMEx_HallSensor_MspDeInit                    build/stm32f1xx_hal_tim_ex.o
HAL_TIMEx_HallSensor_MspInit                      build/stm32f1xx_hal_tim_ex.o
HAL_TIMEx_HallSensor_Start                        build/stm32f1xx_hal_tim_ex.o
HAL_TIMEx_HallSensor_Start_DMA                    build/stm32f1xx_hal_tim_ex.o
HAL_TIMEx_HallSensor_Start_IT                     build/stm32f1xx_hal_tim_ex.o
HAL_TIMEx_HallSensor_Stop                         build/stm32f1xx_hal_tim_ex.o
HAL_TIMEx_HallSensor_Stop_DMA                     build/stm32f1xx_hal_tim_ex.o
HAL_TIMEx_HallSensor_Stop_IT                      build/stm32f1xx_hal_tim_ex.o
HAL_TIMEx_MasterConfigSynchronization             build/stm32f1xx_hal_tim_ex.o
HAL_TIMEx_OCN_Start                               build/stm32f1xx_hal_tim_ex.o
HAL_TIMEx_OCN_Start_DMA                           build/stm32f1xx_hal_tim_ex.o
HAL_TIMEx_OCN_Start_IT                            build/stm32f1xx_hal_tim_ex.o
HAL_TIMEx_OCN_Stop                                build/stm32f1xx_hal_tim_ex.o
HAL_TIMEx_OCN_Stop_DMA                            build/stm32f1xx_hal_tim_ex.o
HAL_TIMEx_OCN_Stop_IT                             build/stm32f1xx_hal_tim_ex.o
HAL_TIMEx_OnePulseN_Start                         build/stm32f1xx_hal_tim_ex.o
HAL_TIMEx_OnePulseN_Start_IT                      build/stm32f1xx_hal_tim_ex.o
HAL_TIMEx_OnePulseN_Stop                          build/stm32f1xx_hal_tim_ex.o
HAL_TIMEx_OnePulseN_Stop_IT                       build/stm32f1xx_hal_tim_ex.o
HAL_TIMEx_PWMN_Start                              build/stm32f1xx_hal_tim_ex.o
HAL_TIMEx_PWMN_Start_DMA                          build/stm32f1xx_hal_tim_ex.o
HAL_TIMEx_PWMN_Start_IT                           build/stm32f1xx_hal_tim_ex.o
HAL_TIMEx_PWMN_Stop                               build/stm32f1xx_hal_tim_ex.o
HAL_TIMEx_PWMN_Stop_DMA                           build/stm32f1xx_hal_tim_ex.o
HAL_TIMEx_PWMN_Stop_IT                            build/stm32f1xx_hal_tim_ex.o
HAL_TIMEx_RemapConfig                             build/stm32f1xx_hal_tim_ex.o
HAL_TIM_Base_DeInit                               build/stm32f1xx_hal_tim.o
HAL_TIM_Base_GetState                             build/stm32f1xx_hal_tim.o
HAL_TIM_Base_Init                                 build/stm32f1xx_hal_tim.o
HAL_TIM_Base_MspDeInit                            build/stm32f1xx_hal_msp.o
HAL_TIM_Base_MspInit                              build/stm32f1xx_hal_msp.o
HAL_TIM_Base_Start                                build/stm32f1xx_hal_tim.o
HAL_TIM_Base_Start_DMA                            build/stm32f1xx_hal_tim.o
HAL_TIM_Base_Start_IT                             build/stm32f1xx_hal_tim.o
HAL_TIM_Base_Stop                                 build/stm32f1xx_hal_tim.o
HAL_TIM_Base_Stop_DMA                             build/stm32f1xx_hal_tim.o
HAL_TIM_Base_Stop_IT                              build/stm32f1xx_hal_tim.o
HAL_TIM_ConfigClockSource                         build/stm32f1xx_hal_tim.o
HAL_TIM_ConfigOCrefClear                          build/stm32f1xx_hal_tim.o
HAL_TIM_ConfigTI1Input                            build/stm32f1xx_hal_tim.o
HAL_TIM_DMABurstState                             build/stm32f1xx_hal_tim.o
HAL_TIM_DMABurst_MultiReadStart                   build/stm32f1xx_hal_tim.o
HAL_TIM_DMABurst_MultiWriteStart                  build/stm32f1xx_hal_tim.o
HAL_TIM_DMABurst_ReadStart                        build/stm32f1xx_hal_tim.o
HAL_TIM_DMABurst_ReadStop                         build/stm32f1xx_hal_tim.o
HAL_TIM_DMABurst_WriteStart                       build/stm32f1xx_hal_tim.o
HAL_TIM_DMABurst_WriteStop                        build/stm32f1xx_hal_tim.o
HAL_TIM_Encoder_DeInit                            build/stm32f1xx_hal_tim.o
HAL_TIM_Encoder_GetState                          build/stm32f1xx_hal_tim.o
HAL_TIM_Encoder_Init                              build/stm32f1xx_hal_tim.o
HAL_TIM_Encoder_MspDeInit                         build/stm32f1xx_hal_tim.o
HAL_TIM_Encoder_MspInit                           build/stm32f1xx_hal_tim.o
HAL_TIM_Encoder_Start                             build/stm32f1xx_hal_tim.o
HAL_TIM_Encoder_Start_DMA                         build/stm32f1xx_hal_tim.o
HAL_TIM_Encoder_Start_IT                          build/stm32f1xx_hal_tim.o
HAL_TIM_Encoder_Stop                              build/stm32f1xx_hal_tim.o
HAL_TIM_Encoder_Stop_DMA                          build/stm32f1xx_hal_tim.o
HAL_TIM_Encoder_Stop_IT                           build/stm32f1xx_hal_tim.o
HAL_TIM_ErrorCallback                             build/stm32f1xx_hal_tim.o
                                                  build/stm32f1xx_hal_tim_ex.o
HAL_TIM_GenerateEvent                             build/stm32f1xx_hal_tim.o
HAL_TIM_GetActiveChannel                          build/stm32f1xx_hal_tim.o
HAL_TIM_GetChannelState                           build/stm32f1xx_hal_tim.o
HAL_TIM_IC_CaptureCallback                        build/stm32f1xx_hal_tim.o
HAL_TIM_IC_CaptureHalfCpltCallback                build/stm32f1xx_hal_tim.o
HAL_TIM_IC_ConfigChannel                          build/stm32f1xx_hal_tim.o
HAL_TIM_IC_DeInit                                 build/stm32f1xx_hal_tim.o
HAL_TIM_IC_GetState                               build/stm32f1xx_hal_tim.o
HAL_TIM_IC_Init                                   build/stm32f1xx_hal_tim.o
HAL_TIM_IC_MspDeInit                              build/stm32f1xx_hal_tim.o
HAL_TIM_IC_MspInit                                build/stm32f1xx_hal_tim.o
HAL_TIM_IC_Start                                  build/stm32f1xx_hal_tim.o
HAL_TIM_IC_Start_DMA                              build/stm32f1xx_hal_tim.o
HAL_TIM_IC_Start_IT                               build/stm32f1xx_hal_tim.o
HAL_TIM_IC_Stop                                   build/stm32f1xx_hal_tim.o
HAL_TIM_IC_Stop_DMA                               build/stm32f1xx_hal_tim.o
HAL_TIM_IC_Stop_IT                                build/stm32f1xx_hal_tim.o
HAL_TIM_IRQHandler                                build/stm32f1xx_hal_tim.o
HAL_TIM_MspPostInit                               build/stm32f1xx_hal_msp.o
HAL_TIM_OC_ConfigChannel                          build/stm32f1xx_hal_tim.o
HAL_TIM_OC_DeInit                                 build/stm32f1xx_hal_tim.o
HAL_TIM_OC_DelayElapsedCallback                   build/stm32f1xx_hal_tim.o
HAL_TIM_OC_GetState                               build/stm32f1xx_hal_tim.o
HAL_TIM_OC_Init                                   build/stm32f1xx_hal_tim.o
HAL_TIM_OC_MspDeInit                              build/stm32f1xx_hal_tim.o
HAL_TIM_OC_MspInit                                build/stm32f1xx_hal_tim.o
HAL_TIM_OC_Start                                  build/stm32f1xx_hal_tim.o
HAL_TIM_OC_Start_DMA                              build/stm32f1xx_hal_tim.o
HAL_TIM_OC_Start_IT                               build/stm32f1xx_hal_tim.o
HAL_TIM_OC_Stop                                   build/stm32f1xx_hal_tim.o
HAL_TIM_OC_Stop_DMA                               build/stm32f1xx_hal_tim.o
HAL_TIM_OC_Stop_IT                                build/stm32f1xx_hal_tim.o
HAL_TIM_OnePulse_ConfigChannel                    build/stm32f1xx_hal_tim.o
HAL_TIM_OnePulse_DeInit                           build/stm32f1xx_hal_tim.o
HAL_TIM_OnePulse_GetState                         build/stm32f1xx_hal_tim.o
HAL_TIM_OnePulse_Init                             build/stm32f1xx_hal_tim.o
HAL_TIM_OnePulse_MspDeInit                        build/stm32f1xx_hal_tim.o
HAL_TIM_OnePulse_MspInit                          build/stm32f1xx_hal_tim.o
HAL_TIM_OnePulse_Start                            build/stm32f1xx_hal_tim.o
HAL_TIM_OnePulse_Start_IT                         build/stm32f1xx_hal_tim.o
HAL_TIM_OnePulse_Stop                             build/stm32f1xx_hal_tim.o
HAL_TIM_OnePulse_Stop_IT                          build/stm32f1xx_hal_tim.o
HAL_TIM_PWM_ConfigChannel                         build/stm32f1xx_hal_tim.o
HAL_TIM_PWM_DeInit                                build/stm32f1xx_hal_tim.o
HAL_TIM_PWM_GetState                              build/stm32f1xx_hal_tim.o
HAL_TIM_PWM_Init                                  build/stm32f1xx_hal_tim.o
HAL_TIM_PWM_MspDeInit                             build/stm32f1xx_hal_tim.o
HAL_TIM_PWM_MspInit                               build/stm32f1xx_hal_tim.o
HAL_TIM_PWM_PulseFinishedCallback                 build/stm32f1xx_hal_tim.o
                                                  build/stm32f1xx_hal_tim_ex.o
HAL_TIM_PWM_PulseFinishedHalfCpltCallback         build/stm32f1xx_hal_tim.o
HAL_TIM_PWM_Start                                 build/stm32f1xx_hal_tim.o
HAL_TIM_PWM_Start_DMA                             build/stm32f1xx_hal_tim.o
HAL_TIM_PWM_Start_IT                              build/stm32f1xx_hal_tim.o
HAL_TIM_PWM_Stop                                  build/stm32f1xx_hal_tim.o
HAL_TIM_PWM_Stop_DMA                              build/stm32f1xx_hal_tim.o
HAL_TIM_PWM_Stop_IT                               build/stm32f1xx_hal_tim.o
HAL_TIM_PeriodElapsedCallback                     build/stm32f1xx_hal_tim.o
HAL_TIM_PeriodElapsedHalfCpltCallback             build/stm32f1xx_hal_tim.o
HAL_TIM_ReadCapturedValue                         build/stm32f1xx_hal_tim.o
HAL_TIM_SlaveConfigSynchro                        build/stm32f1xx_hal_tim.o
HAL_TIM_SlaveConfigSynchro_IT                     build/stm32f1xx_hal_tim.o
HAL_TIM_TriggerCallback                           build/stm32f1xx_hal_tim.o
HAL_TIM_TriggerHalfCpltCallback                   build/stm32f1xx_hal_tim.o
HAL_UARTEx_GetRxEventType                         build/stm32f1xx_hal_uart.o
HAL_UARTEx_ReceiveToIdle                          build/stm32f1xx_hal_uart.o
HAL_UARTEx_ReceiveToIdle_DMA                      build/stm32f1xx_hal_uart.o
HAL_UARTEx_ReceiveToIdle_IT                       build/stm32f1xx_hal_uart.o
HAL_UARTEx_RxEventCallback                        build/stm32f1xx_hal_uart.o
HAL_UART_Abort                                    build/stm32f1xx_hal_uart.o
HAL_UART_AbortCpltCallback                        build/stm32f1xx_hal_uart.o
HAL_UART_AbortReceive                             build/stm32f1xx_hal_uart.o
HAL_UART_AbortReceiveCpltCallback                 build/stm32f1xx_hal_uart.o
HAL_UART_AbortReceive_IT                          build/stm32f1xx_hal_uart.o
HAL_UART_AbortTransmit                            build/stm32f1xx_hal_uart.o
HAL_UART_AbortTransmitCpltCallback                build/stm32f1xx_hal_uart.o
HAL_UART_AbortTransmit_IT                         build/stm32f1xx_hal_uart.o
HAL_UART_Abort_IT                                 build/stm32f1xx_hal_uart.o
HAL_UART_DMAPause                                 build/stm32f1xx_hal_uart.o
HAL_UART_DMAResume                                build/stm32f1xx_hal_uart.o
HAL_UART_DMAStop                                  build/stm32f1xx_hal_uart.o
HAL_UART_DeInit                                   build/stm32f1xx_hal_uart.o
HAL_UART_ErrorCallback                            build/stm32f1xx_hal_uart.o
HAL_UART_GetError                                 build/stm32f1xx_hal_uart.o
HAL_UART_GetState                                 build/stm32f1xx_hal_uart.o
HAL_UART_IRQHandler                               build/stm32f1xx_hal_uart.o
                                                  build/stm32f1xx_it.o
HAL_UART_Init                                     build/stm32f1xx_hal_uart.o
                                                  build/main.o
HAL_UART_MspDeInit                                build/stm32f1xx_hal_msp.o
HAL_UART_MspInit                                  build/stm32f1xx_hal_msp.o
HAL_UART_Receive                                  build/stm32f1xx_hal_uart.o
HAL_UART_Receive_DMA                              build/stm32f1xx_hal_uart.o
HAL_UART_Receive_IT                               build/stm32f1xx_hal_uart.o
HAL_UART_RxCpltCallback                           build/stm32f1xx_hal_uart.o
HAL_UART_RxHalfCpltCallback                       build/stm32f1xx_hal_uart.o
HAL_UART_Transmit                                 build/stm32f1xx_hal_uart.o
HAL_UART_Transmit_DMA                             build/stm32f1xx_hal_uart.o
HAL_UART_Transmit_IT                              build/stm32f1xx_hal_uart.o
HAL_UART_TxCpltCallback                           build/stm32f1xx_hal_uart.o
HAL_UART_TxHalfCpltCallback                       build/stm32f1xx_hal_uart.o
HardFault_Handler                                 build/stm32f1xx_it.o
I2C1_ER_IRQHandler                                build/startup_stm32f103xb.o
I2C1_EV_IRQHandler                                build/startup_stm32f103xb.o
I2C2_ER_IRQHandler                                build/startup_stm32f103xb.o
I2C2_EV_IRQHandler                                build/startup_stm32f103xb.o
MX_USB_DEVICE_Init                                build/usb_device.o
MemManage_Handler                                 build/stm32f1xx_it.o
NMI_Handler                                       build/stm32f1xx_it.o
PVD_IRQHandler                                    build/startup_stm32f103xb.o
PendSV_Handler                                    build/stm32f1xx_it.o
RCC_IRQHandler                                    build/startup_stm32f103xb.o
RTC_Alarm_IRQHandler                              build/startup_stm32f103xb.o
RTC_IRQHandler                                    build/startup_stm32f103xb.o
Read_ADC                                          build/main.o
Reset_Handler                                     build/startup_stm32f103xb.o
SPI1_IRQHandler                                   build/startup_stm32f103xb.o
SPI2_IRQHandler                                   build/startup_stm32f103xb.o
SVC_Handler                                       build/stm32f1xx_it.o
SysTick_Handler                                   build/stm32f1xx_it.o
SystemClock_Config                                build/main.o
SystemCoreClock                                   build/system_stm32f1xx.o
                                                  build/stm32f1xx_hal_rcc.o
                                                  build/stm32f1xx_hal.o
                                                  build/stm32f1xx_hal_adc.o
SystemCoreClockUpdate                             build/system_stm32f1xx.o
SystemInit                                        build/system_stm32f1xx.o
                                                  build/startup_stm32f103xb.o
TAMPER_IRQHandler                                 build/startup_stm32f103xb.o
TIM1_BRK_IRQHandler                               build/startup_stm32f103xb.o
TIM1_CC_IRQHandler                                build/startup_stm32f103xb.o
TIM1_TRG_COM_IRQHandler                           build/startup_stm32f103xb.o
TIM1_UP_IRQHandler                                build/startup_stm32f103xb.o
TIM2_IRQHandler                                   build/stm32f1xx_it.o
TIM3_IRQHandler                                   build/startup_stm32f103xb.o
TIM4_IRQHandler                                   build/startup_stm32f103xb.o
TIMEx_DMACommutationCplt                          build/stm32f1xx_hal_tim_ex.o
                                                  build/stm32f1xx_hal_tim.o
TIMEx_DMACommutationHalfCplt                      build/stm32f1xx_hal_tim_ex.o
                                                  build/stm32f1xx_hal_tim.o
TIM_Base_SetConfig                                build/stm32f1xx_hal_tim.o
                                                  build/stm32f1xx_hal_tim_ex.o
TIM_CCxChannelCmd                                 build/stm32f1xx_hal_tim.o
                                                  build/stm32f1xx_hal_tim_ex.o
TIM_DMACaptureCplt                                build/stm32f1xx_hal_tim.o
                                                  build/stm32f1xx_hal_tim_ex.o
TIM_DMACaptureHalfCplt                            build/stm32f1xx_hal_tim.o
                                                  build/stm32f1xx_hal_tim_ex.o
TIM_DMADelayPulseHalfCplt                         build/stm32f1xx_hal_tim.o
                                                  build/stm32f1xx_hal_tim_ex.o
TIM_DMAError                                      build/stm32f1xx_hal_tim.o
                                                  build/stm32f1xx_hal_tim_ex.o
TIM_ETR_SetConfig                                 build/stm32f1xx_hal_tim.o
TIM_OC2_SetConfig                                 build/stm32f1xx_hal_tim.o
                                                  build/stm32f1xx_hal_tim_ex.o
TIM_TI1_SetConfig                                 build/stm32f1xx_hal_tim.o
                                                  build/stm32f1xx_hal_tim_ex.o
UART_Start_Receive_DMA                            build/stm32f1xx_hal_uart.o
UART_Start_Receive_IT                             build/stm32f1xx_hal_uart.o
USART1_IRQHandler                                 build/stm32f1xx_it.o
USART2_IRQHandler                                 build/startup_stm32f103xb.o
USART3_IRQHandler                                 build/startup_stm32f103xb.o
USBD_CDC                                          build/usbd_cdc.o
                                                  build/usb_device.o
USBD_CDC_CfgFSDesc                                build/usbd_cdc.o
USBD_CDC_CfgHSDesc                                build/usbd_cdc.o
USBD_CDC_GetDeviceQualifierDescriptor             build/usbd_cdc.o
USBD_CDC_OtherSpeedCfgDesc                        build/usbd_cdc.o
USBD_CDC_ReceivePacket                            build/usbd_cdc.o
                                                  build/usbd_cdc_if.o
USBD_CDC_RegisterInterface                        build/usbd_cdc.o
                                                  build/usb_device.o
USBD_CDC_SetRxBuffer                              build/usbd_cdc.o
                                                  build/usbd_cdc_if.o
USBD_CDC_SetTxBuffer                              build/usbd_cdc.o
                                                  build/usbd_cdc_if.o
USBD_CDC_TransmitPacket                           build/usbd_cdc.o
                                                  build/usbd_cdc_if.o
USBD_ClrClassConfig                               build/usbd_core.o
                                                  build/usbd_ctlreq.o
USBD_CtlContinueRx                                build/usbd_ioreq.o
                                                  build/usbd_core.o
USBD_CtlContinueSendData                          build/usbd_ioreq.o
                                                  build/usbd_core.o
USBD_CtlError                                     build/usbd_ctlreq.o
                                                  build/usbd_cdc.o
USBD_CtlPrepareRx                                 build/usbd_ioreq.o
                                                  build/usbd_cdc.o
USBD_CtlReceiveStatus                             build/usbd_ioreq.o
                                                  build/usbd_core.o
USBD_CtlSendData                                  build/usbd_ioreq.o
                                                  build/usbd_cdc.o
                                                  build/usbd_ctlreq.o
USBD_CtlSendStatus                                build/usbd_ioreq.o
                                                  build/usbd_ctlreq.o
                                                  build/usbd_core.o
USBD_DeInit                                       build/usbd_core.o
USBD_FS_ConfigStrDescriptor                       build/usbd_desc.o
USBD_FS_DeviceDesc                                build/usbd_desc.o
USBD_FS_DeviceDescriptor                          build/usbd_desc.o
USBD_FS_InterfaceStrDescriptor                    build/usbd_desc.o
USBD_FS_LangIDStrDescriptor                       build/usbd_desc.o
USBD_FS_ManufacturerStrDescriptor                 build/usbd_desc.o
USBD_FS_ProductStrDescriptor                      build/usbd_desc.o
USBD_FS_SerialStrDescriptor                       build/usbd_desc.o
USBD_GetRxCount                                   build/usbd_ioreq.o
USBD_GetString                                    build/usbd_ctlreq.o
                                                  build/usbd_desc.o
USBD_Init                                         build/usbd_core.o
                                                  build/usb_device.o
USBD_Interface_fops_FS                            build/usbd_cdc_if.o
                                                  build/usb_device.o
USBD_LL_ClearStallEP                              build/usbd_conf.o
                                                  build/usbd_ctlreq.o
USBD_LL_CloseEP                                   build/usbd_conf.o
                                                  build/usbd_cdc.o
USBD_LL_DataInStage                               build/usbd_core.o
                                                  build/usbd_conf.o
USBD_LL_DataOutStage                              build/usbd_core.o
                                                  build/usbd_conf.o
USBD_LL_DeInit                                    build/usbd_conf.o
                                                  build/usbd_core.o
USBD_LL_Delay                                     build/usbd_conf.o
USBD_LL_DevConnected                              build/usbd_core.o
                                                  build/usbd_conf.o
USBD_LL_DevDisconnected                           build/usbd_core.o
                                                  build/usbd_conf.o
USBD_LL_FlushEP                                   build/usbd_conf.o
USBD_LL_GetRxDataSize                             build/usbd_conf.o
                                                  build/usbd_cdc.o
                                                  build/usbd_ioreq.o
USBD_LL_Init                                      build/usbd_conf.o
                                                  build/usbd_core.o
USBD_LL_IsStallEP                                 build/usbd_conf.o
                                                  build/usbd_ctlreq.o
USBD_LL_IsoINIncomplete                           build/usbd_core.o
                                                  build/usbd_conf.o
USBD_LL_IsoOUTIncomplete                          build/usbd_core.o
                                                  build/usbd_conf.o
USBD_LL_OpenEP                                    build/usbd_conf.o
                                                  build/usbd_cdc.o
                                                  build/usbd_core.o
USBD_LL_PrepareReceive                            build/usbd_conf.o
                                                  build/usbd_cdc.o
                                                  build/usbd_ioreq.o
                                                  build/usbd_core.o
USBD_LL_Reset                                     build/usbd_core.o
                                                  build/usbd_conf.o
USBD_LL_Resume                                    build/usbd_core.o
                                                  build/usbd_conf.o
USBD_LL_SOF                                       build/usbd_core.o
                                                  build/usbd_conf.o
USBD_LL_SetSpeed                                  build/usbd_core.o
                                                  build/usbd_conf.o
USBD_LL_SetUSBAddress                             build/usbd_conf.o
                                                  build/usbd_ctlreq.o
USBD_LL_SetupStage                                build/usbd_core.o
                                                  build/usbd_conf.o
USBD_LL_StallEP                                   build/usbd_conf.o
                                                  build/usbd_ctlreq.o
                                                  build/usbd_core.o
USBD_LL_Start                                     build/usbd_conf.o
                                                  build/usbd_core.o
USBD_LL_Stop                                      build/usbd_conf.o
                                                  build/usbd_core.o
USBD_LL_Suspend                                   build/usbd_core.o
                                                  build/usbd_conf.o
USBD_LL_Transmit                                  build/usbd_conf.o
                                                  build/usbd_cdc.o
                                                  build/usbd_ioreq.o
USBD_LangIDDesc                                   build/usbd_desc.o
USBD_ParseSetupRequest                            build/usbd_ctlreq.o
                                                  build/usbd_core.o
USBD_RegisterClass                                build/usbd_core.o
                                                  build/usb_device.o
USBD_RunTestMode                                  build/usbd_core.o
USBD_SetClassConfig                               build/usbd_core.o
                                                  build/usbd_ctlreq.o
USBD_Start                                        build/usbd_core.o
                                                  build/usb_device.o
USBD_StdDevReq                                    build/usbd_ctlreq.o
                                                  build/usbd_core.o
USBD_StdEPReq                                     build/usbd_ctlreq.o
                                                  build/usbd_core.o
USBD_StdItfReq                                    build/usbd_ctlreq.o
                                                  build/usbd_core.o
USBD_Stop                                         build/usbd_core.o
USBD_StrDesc                                      build/usbd_desc.o
USBD_StringSerial                                 build/usbd_desc.o
USBD_static_free                                  build/usbd_conf.o
                                                  build/usbd_cdc.o
USBD_static_malloc                                build/usbd_conf.o
                                                  build/usbd_cdc.o
USBWakeUp_IRQHandler                              build/startup_stm32f103xb.o
USB_ActivateEndpoint                              build/stm32f1xx_ll_usb.o
                                                  build/stm32f1xx_hal_pcd.o
USB_ActivateRemoteWakeup                          build/stm32f1xx_ll_usb.o
                                                  build/stm32f1xx_hal_pcd.o
USB_ClearInterrupts                               build/stm32f1xx_ll_usb.o
USB_CoreInit                                      build/stm32f1xx_ll_usb.o
                                                  build/stm32f1xx_hal_pcd.o
USB_DeActivateRemoteWakeup                        build/stm32f1xx_ll_usb.o
                                                  build/stm32f1xx_hal_pcd.o
USB_DeactivateEndpoint                            build/stm32f1xx_ll_usb.o
                                                  build/stm32f1xx_hal_pcd.o
USB_DevConnect                                    build/stm32f1xx_ll_usb.o
                                                  build/stm32f1xx_hal_pcd.o
USB_DevDisconnect                                 build/stm32f1xx_ll_usb.o
                                                  build/stm32f1xx_hal_pcd.o
USB_DevInit                                       build/stm32f1xx_ll_usb.o
                                                  build/stm32f1xx_hal_pcd.o
USB_DisableGlobalInt                              build/stm32f1xx_ll_usb.o
                                                  build/stm32f1xx_hal_pcd.o
USB_EP0_OutStart                                  build/stm32f1xx_ll_usb.o
                                                  build/stm32f1xx_hal_pcd.o
USB_EPClearStall                                  build/stm32f1xx_ll_usb.o
                                                  build/stm32f1xx_hal_pcd.o
USB_EPSetStall                                    build/stm32f1xx_ll_usb.o
                                                  build/stm32f1xx_hal_pcd.o
USB_EPStartXfer                                   build/stm32f1xx_ll_usb.o
                                                  build/stm32f1xx_hal_pcd.o
USB_EPStopXfer                                    build/stm32f1xx_ll_usb.o
                                                  build/stm32f1xx_hal_pcd.o
USB_EnableGlobalInt                               build/stm32f1xx_ll_usb.o
                                                  build/stm32f1xx_hal_pcd.o
USB_FlushRxFifo                                   build/stm32f1xx_ll_usb.o
                                                  build/stm32f1xx_hal_pcd.o
USB_FlushTxFifo                                   build/stm32f1xx_ll_usb.o
                                                  build/stm32f1xx_hal_pcd.o
USB_HP_CAN1_TX_IRQHandler                         build/startup_stm32f103xb.o
USB_LP_CAN1_RX0_IRQHandler                        build/stm32f1xx_it.o
USB_ReadDevAllInEpInterrupt                       build/stm32f1xx_ll_usb.o
USB_ReadDevAllOutEpInterrupt                      build/stm32f1xx_ll_usb.o
USB_ReadDevInEPInterrupt                          build/stm32f1xx_ll_usb.o
USB_ReadDevOutEPInterrupt                         build/stm32f1xx_ll_usb.o
USB_ReadInterrupts                                build/stm32f1xx_ll_usb.o
                                                  build/stm32f1xx_hal_pcd.o
USB_ReadPMA                                       build/stm32f1xx_ll_usb.o
                                                  build/stm32f1xx_hal_pcd.o
USB_SetCurrentMode                                build/stm32f1xx_ll_usb.o
                                                  build/stm32f1xx_hal_pcd.o
USB_SetDevAddress                                 build/stm32f1xx_ll_usb.o
                                                  build/stm32f1xx_hal_pcd.o
USB_StopDevice                                    build/stm32f1xx_ll_usb.o
                                                  build/stm32f1xx_hal_pcd.o
USB_WritePMA                                      build/stm32f1xx_ll_usb.o
                                                  build/stm32f1xx_hal_pcd.o
UsageFault_Handler                                build/stm32f1xx_it.o
UserRxBufferFS                                    build/usbd_cdc_if.o
UserTxBufferFS                                    build/usbd_cdc_if.o
WWDG_IRQHandler                                   build/startup_stm32f103xb.o
__bss_end__                                       D:/CubeCLT/STM32CubeCLT_1.21.0/GNU-tools-for-STM32/bin/../lib/gcc/arm-none-eabi/14.3.1/../../../../arm-none-eabi/lib/thumb/v7-m/nofp/crt0.o
__bss_start__                                     D:/CubeCLT/STM32CubeCLT_1.21.0/GNU-tools-for-STM32/bin/../lib/gcc/arm-none-eabi/14.3.1/../../../../arm-none-eabi/lib/thumb/v7-m/nofp/crt0.o
__call_exitprocs                                  D:/CubeCLT/STM32CubeCLT_1.21.0/GNU-tools-for-STM32/bin/../lib/gcc/arm-none-eabi/14.3.1/../../../../arm-none-eabi/lib/thumb/v7-m/nofp\libc_nano.a(libc_a-exit.o)
__deregister_frame_info                           D:/CubeCLT/STM32CubeCLT_1.21.0/GNU-tools-for-STM32/bin/../lib/gcc/arm-none-eabi/14.3.1/thumb/v7-m/nofp/crtbegin.o
__dso_handle                                      D:/CubeCLT/STM32CubeCLT_1.21.0/GNU-tools-for-STM32/bin/../lib/gcc/arm-none-eabi/14.3.1/thumb/v7-m/nofp/crtbegin.o
__fp_lock_all                                     D:/CubeCLT/STM32CubeCLT_1.21.0/GNU-tools-for-STM32/bin/../lib/gcc/arm-none-eabi/14.3.1/../../../../arm-none-eabi/lib/thumb/v7-m/nofp\libc_nano.a(libc_a-findfp.o)
__fp_unlock_all                                   D:/CubeCLT/STM32CubeCLT_1.21.0/GNU-tools-for-STM32/bin/../lib/gcc/arm-none-eabi/14.3.1/../../../../arm-none-eabi/lib/thumb/v7-m/nofp\libc_nano.a(libc_a-findfp.o)
__init_array_end                                  D:/CubeCLT/STM32CubeCLT_1.21.0/GNU-tools-for-STM32/bin/../lib/gcc/arm-none-eabi/14.3.1/../../../../arm-none-eabi/lib/thumb/v7-m/nofp\libc_nano.a(libc_a-init.o)
__init_array_start                                D:/CubeCLT/STM32CubeCLT_1.21.0/GNU-tools-for-STM32/bin/../lib/gcc/arm-none-eabi/14.3.1/../../../../arm-none-eabi/lib/thumb/v7-m/nofp\libc_nano.a(libc_a-init.o)
__libc_fini_array                                 D:/CubeCLT/STM32CubeCLT_1.21.0/GNU-tools-for-STM32/bin/../lib/gcc/arm-none-eabi/14.3.1/../../../../arm-none-eabi/lib/thumb/v7-m/nofp/crt0.o
__libc_init_array                                 D:/CubeCLT/STM32CubeCLT_1.21.0/GNU-tools-for-STM32/bin/../lib/gcc/arm-none-eabi/14.3.1/../../../../arm-none-eabi/lib/thumb/v7-m/nofp\libc_nano.a(libc_a-init.o)
                                                  build/startup_stm32f103xb.o
                                                  D:/CubeCLT/STM32CubeCLT_1.21.0/GNU-tools-for-STM32/bin/../lib/gcc/arm-none-eabi/14.3.1/../../../../arm-none-eabi/lib/thumb/v7-m/nofp/crt0.o
__lock___arc4random_mutex                         D:/CubeCLT/STM32CubeCLT_1.21.0/GNU-tools-for-STM32/bin/../lib/gcc/arm-none-eabi/14.3.1/../../../../arm-none-eabi/lib/thumb/v7-m/nofp\libc_nano.a(libc_a-lock.o)
__lock___at_quick_exit_mutex                      D:/CubeCLT/STM32CubeCLT_1.21.0/GNU-tools-for-STM32/bin/../lib/gcc/arm-none-eabi/14.3.1/../../../../arm-none-eabi/lib/thumb/v7-m/nofp\libc_nano.a(libc_a-lock.o)
__lock___atexit_recursive_mutex                   D:/CubeCLT/STM32CubeCLT_1.21.0/GNU-tools-for-STM32/bin/../lib/gcc/arm-none-eabi/14.3.1/../../../../arm-none-eabi/lib/thumb/v7-m/nofp\libc_nano.a(libc_a-lock.o)
__lock___dd_hash_mutex                            D:/CubeCLT/STM32CubeCLT_1.21.0/GNU-tools-for-STM32/bin/../lib/gcc/arm-none-eabi/14.3.1/../../../../arm-none-eabi/lib/thumb/v7-m/nofp\libc_nano.a(libc_a-lock.o)
__lock___env_recursive_mutex                      D:/CubeCLT/STM32CubeCLT_1.21.0/GNU-tools-for-STM32/bin/../lib/gcc/arm-none-eabi/14.3.1/../../../../arm-none-eabi/lib/thumb/v7-m/nofp\libc_nano.a(libc_a-lock.o)
__lock___malloc_recursive_mutex                   D:/CubeCLT/STM32CubeCLT_1.21.0/GNU-tools-for-STM32/bin/../lib/gcc/arm-none-eabi/14.3.1/../../../../arm-none-eabi/lib/thumb/v7-m/nofp\libc_nano.a(libc_a-lock.o)
                                                  D:/CubeCLT/STM32CubeCLT_1.21.0/GNU-tools-for-STM32/bin/../lib/gcc/arm-none-eabi/14.3.1/../../../../arm-none-eabi/lib/thumb/v7-m/nofp\libc_nano.a(libc_a-mlock.o)
__lock___sfp_recursive_mutex                      D:/CubeCLT/STM32CubeCLT_1.21.0/GNU-tools-for-STM32/bin/../lib/gcc/arm-none-eabi/14.3.1/../../../../arm-none-eabi/lib/thumb/v7-m/nofp\libc_nano.a(libc_a-lock.o)
                                                  D:/CubeCLT/STM32CubeCLT_1.21.0/GNU-tools-for-STM32/bin/../lib/gcc/arm-none-eabi/14.3.1/../../../../arm-none-eabi/lib/thumb/v7-m/nofp\libc_nano.a(libc_a-findfp.o)
__lock___tz_mutex                                 D:/CubeCLT/STM32CubeCLT_1.21.0/GNU-tools-for-STM32/bin/../lib/gcc/arm-none-eabi/14.3.1/../../../../arm-none-eabi/lib/thumb/v7-m/nofp\libc_nano.a(libc_a-lock.o)
__malloc_free_list                                D:/CubeCLT/STM32CubeCLT_1.21.0/GNU-tools-for-STM32/bin/../lib/gcc/arm-none-eabi/14.3.1/../../../../arm-none-eabi/lib/thumb/v7-m/nofp\libc_nano.a(libc_a-mallocr.o)
                                                  D:/CubeCLT/STM32CubeCLT_1.21.0/GNU-tools-for-STM32/bin/../lib/gcc/arm-none-eabi/14.3.1/../../../../arm-none-eabi/lib/thumb/v7-m/nofp\libc_nano.a(libc_a-freer.o)
__malloc_lock                                     D:/CubeCLT/STM32CubeCLT_1.21.0/GNU-tools-for-STM32/bin/../lib/gcc/arm-none-eabi/14.3.1/../../../../arm-none-eabi/lib/thumb/v7-m/nofp\libc_nano.a(libc_a-mlock.o)
                                                  D:/CubeCLT/STM32CubeCLT_1.21.0/GNU-tools-for-STM32/bin/../lib/gcc/arm-none-eabi/14.3.1/../../../../arm-none-eabi/lib/thumb/v7-m/nofp\libc_nano.a(libc_a-mallocr.o)
                                                  D:/CubeCLT/STM32CubeCLT_1.21.0/GNU-tools-for-STM32/bin/../lib/gcc/arm-none-eabi/14.3.1/../../../../arm-none-eabi/lib/thumb/v7-m/nofp\libc_nano.a(libc_a-freer.o)